<html>
<body>
<pre>
<h1>µVision Build Log</h1>
<h2>Project:</h2>
C:\Users\Adi\Documents\UTYear1\EE319K\UVision_Projects\Lab8\Lab8.uvproj
Project File Date:  04/15/2017

<h2>Output:</h2>
Build target 'Lab8'
compiling ADC.c...
linking...
Program Size: Code=6396 RO-data=2292 RW-data=108 ZI-data=1180  
".\Lab8.axf" - 0 Error(s), 0 Warning(s).
</pre>
</body>
</html>
9K\\UVision_Projects\\Lab8\\Lab8.axf" 
Connecting: Mode=JTAG, Speed=1000000Hz
Connection failed!, error code=&d
Error: Flash Download failed  -  Target DLL has been cancelled
