ARM Linker, 5.03 [Build 76] [MDK-ARM Professional]

==============================================================================

Section Cross References

    startup.o(STACK) refers (Special) to heapauxi.o(.text) for __use_two_region_memory
    startup.o(HEAP) refers (Special) to heapauxi.o(.text) for __use_two_region_memory
    startup.o(RESET) refers (Special) to heapauxi.o(.text) for __use_two_region_memory
    startup.o(RESET) refers to startup.o(STACK) for StackMem
    startup.o(RESET) refers to sound.o(i.SysTick_Handler) for SysTick_Handler
    startup.o(RESET) refers to edgeinterrupt.o(i.GPIOPortD_Handler) for GPIOPortD_Handler
    startup.o(RESET) refers to timer0.o(i.Timer0A_Handler) for Timer0A_Handler
    startup.o(RESET) refers to timer1.o(i.Timer1A_Handler) for Timer1A_Handler
    startup.o(RESET) refers to texas.o(.text) for Timer4A_Handler
    startup.o(RESET) refers to __main.o(!!!main) for __main
    startup.o(.text) refers (Special) to heapauxi.o(.text) for __use_two_region_memory
    startup.o(.text) refers to startup.o(HEAP) for HeapMem
    startup.o(.text) refers to startup.o(STACK) for StackMem
    random.o(.text) refers to random.o(DATA) for M
    timer0.o(i.Timer0A_Handler) refers to timer0.o(.data) for PeriodicTask0
    timer0.o(i.Timer0_Init) refers to timer0.o(.data) for PeriodicTask0
    sound.o(i.Sound_Hit) refers to sound.o(i.Sound_Play) for Sound_Play
    sound.o(i.Sound_Hit) refers to sound.o(.data) for sfx
    sound.o(i.Sound_HoleEnd) refers to sound.o(i.Sound_Play) for Sound_Play
    sound.o(i.Sound_HoleEnd) refers to sound.o(.data) for sfx
    sound.o(i.Sound_In) refers to sound.o(i.Sound_Play) for Sound_Play
    sound.o(i.Sound_In) refers to sound.o(.data) for sfx
    sound.o(i.Sound_Init) refers to dac.o(i.DAC_Init) for DAC_Init
    sound.o(i.Sound_Sand) refers to sound.o(i.Sound_Play) for Sound_Play
    sound.o(i.Sound_Sand) refers to sound.o(.data) for sfx
    sound.o(i.Sound_Water) refers to sound.o(i.Sound_Play) for Sound_Play
    sound.o(i.Sound_Water) refers to sound.o(.data) for sfx
    sound.o(i.SysTick_Handler) refers to dac.o(i.DAC_Out) for DAC_Out
    sound.o(i.SysTick_Handler) refers to sound.o(.data) for sfx
    print.o(.text) refers (Special) to st7735.o(i.ST7735_OutString) for ST7735_OutString
    print.o(.text) refers to st7735.o(i.ST7735_OutChar) for ST7735_OutChar
    st7735.o(i.Output_Clear) refers to st7735.o(i.ST7735_FillScreen) for ST7735_FillScreen
    st7735.o(i.Output_Color) refers to st7735.o(i.ST7735_SetTextColor) for ST7735_SetTextColor
    st7735.o(i.Output_Init) refers to st7735.o(i.ST7735_InitR) for ST7735_InitR
    st7735.o(i.Output_Init) refers to st7735.o(i.ST7735_FillScreen) for ST7735_FillScreen
    st7735.o(i.Output_Off) refers to st7735.o(i.Output_Clear) for Output_Clear
    st7735.o(i.Output_On) refers to st7735.o(i.Output_Init) for Output_Init
    st7735.o(i.ST7735_DrawBitmap) refers to st7735.o(i.setAddrWindow) for setAddrWindow
    st7735.o(i.ST7735_DrawBitmap) refers to lcd.o(.text) for writedata
    st7735.o(i.ST7735_DrawBitmap) refers to st7735.o(.data) for _width
    st7735.o(i.ST7735_DrawChar) refers to st7735.o(i.setAddrWindow) for setAddrWindow
    st7735.o(i.ST7735_DrawChar) refers to st7735.o(i.pushColor) for pushColor
    st7735.o(i.ST7735_DrawChar) refers to st7735.o(.data) for _width
    st7735.o(i.ST7735_DrawChar) refers to st7735.o(.constdata) for Font
    st7735.o(i.ST7735_DrawCharS) refers to st7735.o(i.ST7735_DrawPixel) for ST7735_DrawPixel
    st7735.o(i.ST7735_DrawCharS) refers to st7735.o(i.ST7735_FillRect) for ST7735_FillRect
    st7735.o(i.ST7735_DrawCharS) refers to st7735.o(.data) for _width
    st7735.o(i.ST7735_DrawCharS) refers to st7735.o(.constdata) for Font
    st7735.o(i.ST7735_DrawFastHLine) refers to st7735.o(i.setAddrWindow) for setAddrWindow
    st7735.o(i.ST7735_DrawFastHLine) refers to lcd.o(.text) for writedata
    st7735.o(i.ST7735_DrawFastHLine) refers to st7735.o(.data) for _width
    st7735.o(i.ST7735_DrawFastVLine) refers to st7735.o(i.setAddrWindow) for setAddrWindow
    st7735.o(i.ST7735_DrawFastVLine) refers to lcd.o(.text) for writedata
    st7735.o(i.ST7735_DrawFastVLine) refers to st7735.o(.data) for _width
    st7735.o(i.ST7735_DrawPixel) refers to st7735.o(i.setAddrWindow) for setAddrWindow
    st7735.o(i.ST7735_DrawPixel) refers to st7735.o(i.pushColor) for pushColor
    st7735.o(i.ST7735_DrawPixel) refers to st7735.o(.data) for _width
    st7735.o(i.ST7735_DrawString) refers to st7735.o(i.ST7735_DrawCharS) for ST7735_DrawCharS
    st7735.o(i.ST7735_FillRect) refers to st7735.o(i.setAddrWindow) for setAddrWindow
    st7735.o(i.ST7735_FillRect) refers to lcd.o(.text) for writedata
    st7735.o(i.ST7735_FillRect) refers to st7735.o(.data) for _width
    st7735.o(i.ST7735_FillScreen) refers to st7735.o(i.ST7735_FillRect) for ST7735_FillRect
    st7735.o(i.ST7735_FillScreen) refers to st7735.o(.data) for _height
    st7735.o(i.ST7735_InitB) refers to st7735.o(i.commonInit) for commonInit
    st7735.o(i.ST7735_InitB) refers to st7735.o(i.ST7735_SetCursor) for ST7735_SetCursor
    st7735.o(i.ST7735_InitB) refers to st7735.o(i.ST7735_FillScreen) for ST7735_FillScreen
    st7735.o(i.ST7735_InitB) refers to st7735.o(.constdata) for Bcmd
    st7735.o(i.ST7735_InitB) refers to st7735.o(.data) for StTextColor
    st7735.o(i.ST7735_InitR) refers to st7735.o(i.commonInit) for commonInit
    st7735.o(i.ST7735_InitR) refers to st7735.o(i.commandList) for commandList
    st7735.o(i.ST7735_InitR) refers to lcd.o(.text) for writecommand
    st7735.o(i.ST7735_InitR) refers to st7735.o(i.ST7735_SetCursor) for ST7735_SetCursor
    st7735.o(i.ST7735_InitR) refers to st7735.o(i.ST7735_FillScreen) for ST7735_FillScreen
    st7735.o(i.ST7735_InitR) refers to st7735.o(.constdata) for Rcmd1
    st7735.o(i.ST7735_InitR) refers to st7735.o(.data) for ColStart
    st7735.o(i.ST7735_InvertDisplay) refers to lcd.o(.text) for writecommand
    st7735.o(i.ST7735_OutChar) refers to st7735.o(i.ST7735_DrawString) for ST7735_DrawString
    st7735.o(i.ST7735_OutChar) refers to st7735.o(i.ST7735_DrawCharS) for ST7735_DrawCharS
    st7735.o(i.ST7735_OutChar) refers to st7735.o(.data) for StY
    st7735.o(i.ST7735_OutString) refers to st7735.o(i.ST7735_OutChar) for ST7735_OutChar
    st7735.o(i.ST7735_OutUDec) refers to st7735.o(i.fillmessage) for fillmessage
    st7735.o(i.ST7735_OutUDec) refers to st7735.o(i.ST7735_DrawString) for ST7735_DrawString
    st7735.o(i.ST7735_OutUDec) refers to st7735.o(i.ST7735_DrawCharS) for ST7735_DrawCharS
    st7735.o(i.ST7735_OutUDec) refers to st7735.o(.data) for Messageindex
    st7735.o(i.ST7735_OutUDec) refers to st7735.o(.bss) for Message
    st7735.o(i.ST7735_PlotBar) refers to st7735.o(i.ST7735_DrawFastVLine) for ST7735_DrawFastVLine
    st7735.o(i.ST7735_PlotBar) refers to st7735.o(.data) for Ymin
    st7735.o(i.ST7735_PlotClear) refers to st7735.o(i.ST7735_Color565) for ST7735_Color565
    st7735.o(i.ST7735_PlotClear) refers to st7735.o(i.ST7735_FillRect) for ST7735_FillRect
    st7735.o(i.ST7735_PlotClear) refers to st7735.o(.data) for Ymax
    st7735.o(i.ST7735_PlotLine) refers to st7735.o(i.ST7735_DrawPixel) for ST7735_DrawPixel
    st7735.o(i.ST7735_PlotLine) refers to st7735.o(.data) for Ymin
    st7735.o(i.ST7735_PlotNext) refers to st7735.o(.data) for X
    st7735.o(i.ST7735_PlotNextErase) refers to st7735.o(i.ST7735_Color565) for ST7735_Color565
    st7735.o(i.ST7735_PlotNextErase) refers to st7735.o(i.ST7735_DrawFastVLine) for ST7735_DrawFastVLine
    st7735.o(i.ST7735_PlotNextErase) refers to st7735.o(.data) for X
    st7735.o(i.ST7735_PlotPoint) refers to st7735.o(i.ST7735_DrawPixel) for ST7735_DrawPixel
    st7735.o(i.ST7735_PlotPoint) refers to st7735.o(.data) for Ymin
    st7735.o(i.ST7735_PlotPoints) refers to st7735.o(i.ST7735_DrawPixel) for ST7735_DrawPixel
    st7735.o(i.ST7735_PlotPoints) refers to st7735.o(.data) for Ymin
    st7735.o(i.ST7735_PlotdBfs) refers to st7735.o(i.ST7735_DrawFastVLine) for ST7735_DrawFastVLine
    st7735.o(i.ST7735_PlotdBfs) refers to st7735.o(.constdata) for dBfs
    st7735.o(i.ST7735_PlotdBfs) refers to st7735.o(.data) for X
    st7735.o(i.ST7735_SetCursor) refers to st7735.o(.data) for StX
    st7735.o(i.ST7735_SetRotation) refers to lcd.o(.text) for writecommand
    st7735.o(i.ST7735_SetRotation) refers to st7735.o(.data) for Rotation
    st7735.o(i.ST7735_SetTextColor) refers to st7735.o(.data) for StTextColor
    st7735.o(i.commandList) refers to lcd.o(.text) for writecommand
    st7735.o(i.commandList) refers to st7735.o(i.Delay1ms) for Delay1ms
    st7735.o(i.commonInit) refers to st7735.o(i.Delay1ms) for Delay1ms
    st7735.o(i.commonInit) refers to st7735.o(i.commandList) for commandList
    st7735.o(i.commonInit) refers to st7735.o(.data) for RowStart
    st7735.o(i.fillmessage) refers to st7735.o(.bss) for Message
    st7735.o(i.fillmessage) refers to st7735.o(.data) for Messageindex
    st7735.o(i.fputc) refers to st7735.o(i.ST7735_OutChar) for ST7735_OutChar
    st7735.o(i.pushColor) refers to lcd.o(.text) for writedata
    st7735.o(i.setAddrWindow) refers to lcd.o(.text) for writecommand
    st7735.o(i.setAddrWindow) refers to st7735.o(.data) for ColStart
    edgeinterrupt.o(i.GPIOPortD_Handler) refers to edgeinterrupt.o(.data) for flag
    minigolf.o(i.displayHelp) refers to st7735.o(i.ST7735_SetCursor) for ST7735_SetCursor
    minigolf.o(i.displayHelp) refers to st7735.o(i.ST7735_OutString) for ST7735_OutString
    minigolf.o(i.displayHelp) refers to edgeinterrupt.o(.data) for PD0
    minigolf.o(i.displayStart) refers to st7735.o(i.ST7735_SetCursor) for ST7735_SetCursor
    minigolf.o(i.displayStart) refers to st7735.o(i.ST7735_OutString) for ST7735_OutString
    minigolf.o(i.displayStart) refers to st7735.o(i.ST7735_OutChar) for ST7735_OutChar
    minigolf.o(i.displayStart) refers to minigolf.o(i.Delay100ms) for Delay100ms
    minigolf.o(i.displayStart) refers to edgeinterrupt.o(.data) for PD0
    minigolf.o(i.displayStart) refers to minigolf.o(.data) for startArray
    minigolf.o(i.getBallHeight) refers to minigolf.o(.bss) for ball1
    minigolf.o(i.getBallWidth) refers to minigolf.o(.bss) for ball1
    minigolf.o(i.getBallX) refers to minigolf.o(.bss) for ball1
    minigolf.o(i.getBallY) refers to minigolf.o(.bss) for ball1
    minigolf.o(i.getStrokes) refers to minigolf.o(.data) for Strokes
    minigolf.o(i.getXPos) refers to minigolf.o(.bss) for water1
    minigolf.o(i.getYPos) refers to minigolf.o(.bss) for water1
    minigolf.o(i.main) refers to startup.o(.text) for DisableInterrupts
    minigolf.o(i.main) refers to texas.o(.text) for TExaS_Init
    minigolf.o(i.main) refers to adc.o(i.ADC_Init) for ADC_Init
    minigolf.o(i.main) refers to random.o(.text) for Random_Init
    minigolf.o(i.main) refers to st7735.o(i.Output_Init) for Output_Init
    minigolf.o(i.main) refers to sound.o(i.Sound_Init) for Sound_Init
    minigolf.o(i.main) refers to edgeinterrupt.o(i.Buttons_Init) for Buttons_Init
    minigolf.o(i.main) refers to sensor.o(i.Sensor_Init) for Sensor_Init
    minigolf.o(i.main) refers to minigolf.o(i.PortFInit) for PortFInit
    minigolf.o(i.main) refers to physics.o(i.setBall) for setBall
    minigolf.o(i.main) refers to physics.o(i.showDir) for showDir
    minigolf.o(i.main) refers to physics.o(i.MoveBall) for MoveBall
    minigolf.o(i.setBallHeight) refers to minigolf.o(.bss) for ball1
    minigolf.o(i.setBallWidth) refers to minigolf.o(.bss) for ball1
    minigolf.o(i.setBallX) refers to minigolf.o(.bss) for ball1
    minigolf.o(i.setBallY) refers to minigolf.o(.bss) for ball1
    minigolf.o(i.setXPos) refers to minigolf.o(.bss) for water1
    minigolf.o(i.setYPos) refers to minigolf.o(.bss) for water1
    minigolf.o(i.startGame) refers to physics.o(i.setBounds) for setBounds
    minigolf.o(i.startGame) refers to physics.o(i.setBall) for setBall
    minigolf.o(i.startGame) refers to physics.o(i.showDir) for showDir
    minigolf.o(i.startGame) refers to physics.o(i.MoveBall) for MoveBall
    minigolf.o(i.startGame) refers to st7735.o(i.ST7735_SetCursor) for ST7735_SetCursor
    minigolf.o(i.startGame) refers to st7735.o(i.ST7735_OutString) for ST7735_OutString
    minigolf.o(i.startGame) refers to edgeinterrupt.o(.data) for PD0
    minigolf.o(i.startGame) refers to minigolf.o(.data) for Strokes
    physics.o(i.Convert) refers to dflt_clz.o(x$fpl$dfltu) for __aeabi_ui2d
    physics.o(i.Convert) refers to daddsub_clz.o(x$fpl$dadd) for __aeabi_dadd
    physics.o(i.Convert) refers to dfix.o(x$fpl$dfix) for __aeabi_d2iz
    physics.o(i.MoveBall) refers to minigolf.o(i.getBallHeight) for getBallHeight
    physics.o(i.MoveBall) refers to minigolf.o(i.getBallWidth) for getBallWidth
    physics.o(i.MoveBall) refers to minigolf.o(i.getBallY) for getBallY
    physics.o(i.MoveBall) refers to minigolf.o(i.getBallX) for getBallX
    physics.o(i.MoveBall) refers to st7735.o(i.ST7735_FillRect) for ST7735_FillRect
    physics.o(i.MoveBall) refers to st7735.o(i.ST7735_DrawBitmap) for ST7735_DrawBitmap
    physics.o(i.MoveBall) refers to minigolf.o(i.Delay100ms) for Delay100ms
    physics.o(i.MoveBall) refers to physics.o(.data) for rise
    physics.o(i.MoveBall) refers to physics.o(.constdata) for ball
    physics.o(i.displayLevel) refers to st7735.o(i.ST7735_DrawBitmap) for ST7735_DrawBitmap
    physics.o(i.displayLevel) refers to physics.o(.constdata) for lvl1
    physics.o(i.getDir) refers to adc.o(i.ADC_In) for ADC_In
    physics.o(i.getDir) refers to physics.o(i.ConvertDir) for ConvertDir
    physics.o(i.getSpeed) refers to adc.o(i.ADC_In) for ADC_In
    physics.o(i.getSpeed) refers to physics.o(i.Convert) for Convert
    physics.o(i.setBall) refers to minigolf.o(i.setBallX) for setBallX
    physics.o(i.setBall) refers to minigolf.o(i.setBallY) for setBallY
    physics.o(i.setBall) refers to minigolf.o(i.setBallWidth) for setBallWidth
    physics.o(i.setBall) refers to minigolf.o(i.setBallHeight) for setBallHeight
    physics.o(i.setBall) refers to minigolf.o(i.getBallHeight) for getBallHeight
    physics.o(i.setBall) refers to minigolf.o(i.getBallWidth) for getBallWidth
    physics.o(i.setBall) refers to minigolf.o(i.getBallY) for getBallY
    physics.o(i.setBall) refers to minigolf.o(i.getBallX) for getBallX
    physics.o(i.setBall) refers to st7735.o(i.ST7735_DrawBitmap) for ST7735_DrawBitmap
    physics.o(i.setBall) refers to physics.o(.constdata) for ball
    physics.o(i.setBounds) refers to physics.o(.data) for BoundX
    physics.o(i.showDir) refers to minigolf.o(i.getBallX) for getBallX
    physics.o(i.showDir) refers to minigolf.o(i.getBallY) for getBallY
    physics.o(i.showDir) refers to st7735.o(i.ST7735_FillRect) for ST7735_FillRect
    physics.o(i.showDir) refers to minigolf.o(i.Delay100ms) for Delay100ms
    physics.o(i.showDir) refers to physics.o(.data) for run
    physics.o(i.showSpeed) refers to minigolf.o(i.getBallX) for getBallX
    physics.o(i.showSpeed) refers to minigolf.o(i.getBallY) for getBallY
    physics.o(i.showSpeed) refers to st7735.o(i.ST7735_FillRect) for ST7735_FillRect
    sensor.o(i.screenSaver) refers to st7735.o(i.ST7735_FillScreen) for ST7735_FillScreen
    sensor.o(i.screenSaver) refers to st7735.o(i.ST7735_SetCursor) for ST7735_SetCursor
    sensor.o(i.screenSaver) refers to st7735.o(i.ST7735_OutString) for ST7735_OutString
    sensor.o(i.screenSaver) refers to sensor.o(i.getDistance) for getDistance
    texas.o(.text) refers to texas.o(.bss) for TExaS
    texas.o(.text) refers to texas.o(.constdata) for IntroMsg
    texas.o(.text) refers to texas.o(.data) for LastMode
    __main.o(!!!main) refers to rtentry.o(.ARM.Collect$$rtentry$$00000000) for __rt_entry
    daddsub_clz.o(x$fpl$dadd) refers (Special) to usenofp.o(x$fpl$usenofp) for __I$use$fp
    daddsub_clz.o(x$fpl$dadd) refers to daddsub_clz.o(x$fpl$dsub) for _dsub1
    daddsub_clz.o(x$fpl$dadd) refers to dretinf.o(x$fpl$dretinf) for __fpl_dretinf
    daddsub_clz.o(x$fpl$dadd) refers to dnaninf.o(x$fpl$dnaninf) for __fpl_dnaninf
    daddsub_clz.o(x$fpl$drsb) refers (Special) to usenofp.o(x$fpl$usenofp) for __I$use$fp
    daddsub_clz.o(x$fpl$drsb) refers to daddsub_clz.o(x$fpl$dadd) for _dadd1
    daddsub_clz.o(x$fpl$drsb) refers to daddsub_clz.o(x$fpl$dsub) for _dsub1
    daddsub_clz.o(x$fpl$dsub) refers (Special) to usenofp.o(x$fpl$usenofp) for __I$use$fp
    daddsub_clz.o(x$fpl$dsub) refers to daddsub_clz.o(x$fpl$dadd) for _dadd1
    daddsub_clz.o(x$fpl$dsub) refers to dnaninf.o(x$fpl$dnaninf) for __fpl_dnaninf
    dfix.o(x$fpl$dfix) refers (Special) to usenofp.o(x$fpl$usenofp) for __I$use$fp
    dfix.o(x$fpl$dfix) refers to dnaninf.o(x$fpl$dnaninf) for __fpl_dnaninf
    dfix.o(x$fpl$dfixr) refers (Special) to usenofp.o(x$fpl$usenofp) for __I$use$fp
    dfix.o(x$fpl$dfixr) refers to dnaninf.o(x$fpl$dnaninf) for __fpl_dnaninf
    dflt_clz.o(x$fpl$dfltu) refers (Special) to usenofp.o(x$fpl$usenofp) for __I$use$fp
    dflt_clz.o(x$fpl$dflt) refers (Special) to usenofp.o(x$fpl$usenofp) for __I$use$fp
    dflt_clz.o(x$fpl$dfltn) refers (Special) to usenofp.o(x$fpl$usenofp) for __I$use$fp
    rtentry.o(.ARM.Collect$$rtentry$$00000000) refers (Special) to rtentry2.o(.ARM.Collect$$rtentry$$0000000A) for __rt_entry_li
    rtentry.o(.ARM.Collect$$rtentry$$00000000) refers (Special) to rtentry2.o(.ARM.Collect$$rtentry$$0000000D) for __rt_entry_main
    rtentry.o(.ARM.Collect$$rtentry$$00000000) refers (Special) to rtentry2.o(.ARM.Collect$$rtentry$$0000000C) for __rt_entry_postli_1
    rtentry.o(.ARM.Collect$$rtentry$$00000000) refers (Special) to rtentry2.o(.ARM.Collect$$rtentry$$00000009) for __rt_entry_postsh_1
    rtentry.o(.ARM.Collect$$rtentry$$00000000) refers (Special) to rtentry2.o(.ARM.Collect$$rtentry$$00000002) for __rt_entry_presh_1
    rtentry.o(.ARM.Collect$$rtentry$$00000000) refers (Special) to rtentry4.o(.ARM.Collect$$rtentry$$00000004) for __rt_entry_sh
    dnaninf.o(x$fpl$dnaninf) refers (Special) to usenofp.o(x$fpl$usenofp) for __I$use$fp
    dretinf.o(x$fpl$dretinf) refers (Special) to usenofp.o(x$fpl$usenofp) for __I$use$fp
    rtentry2.o(.ARM.Collect$$rtentry$$00000008) refers to boardinit2.o(.text) for _platform_post_stackheap_init
    rtentry2.o(.ARM.Collect$$rtentry$$0000000A) refers to libinit.o(.ARM.Collect$$libinit$$00000000) for __rt_lib_init
    rtentry2.o(.ARM.Collect$$rtentry$$0000000B) refers to boardinit3.o(.text) for _platform_post_lib_init
    rtentry2.o(.ARM.Collect$$rtentry$$0000000D) refers to minigolf.o(i.main) for main
    rtentry2.o(.ARM.Collect$$rtentry$$0000000D) refers to exit.o(.text) for exit
    rtentry2.o(.ARM.exidx) refers to rtentry2.o(.ARM.Collect$$rtentry$$00000001) for .ARM.Collect$$rtentry$$00000001
    rtentry2.o(.ARM.exidx) refers to rtentry2.o(.ARM.Collect$$rtentry$$00000008) for .ARM.Collect$$rtentry$$00000008
    rtentry2.o(.ARM.exidx) refers to rtentry2.o(.ARM.Collect$$rtentry$$0000000A) for .ARM.Collect$$rtentry$$0000000A
    rtentry2.o(.ARM.exidx) refers to rtentry2.o(.ARM.Collect$$rtentry$$0000000B) for .ARM.Collect$$rtentry$$0000000B
    rtentry2.o(.ARM.exidx) refers to rtentry2.o(.ARM.Collect$$rtentry$$0000000D) for .ARM.Collect$$rtentry$$0000000D
    rtentry4.o(.ARM.Collect$$rtentry$$00000004) refers to sys_stackheap_outer.o(.text) for __user_setup_stackheap
    rtentry4.o(.ARM.exidx) refers to rtentry4.o(.ARM.Collect$$rtentry$$00000004) for .ARM.Collect$$rtentry$$00000004
    sys_stackheap_outer.o(.text) refers to libspace.o(.text) for __user_perproc_libspace
    sys_stackheap_outer.o(.text) refers to startup.o(.text) for __user_initial_stackheap
    exit.o(.text) refers to rtexit.o(.ARM.Collect$$rtexit$$00000000) for __rt_exit
    libinit.o(.ARM.Collect$$libinit$$00000000) refers (Special) to libinit2.o(.ARM.Collect$$libinit$$0000002C) for __rt_lib_init_alloca_1
    libinit.o(.ARM.Collect$$libinit$$00000000) refers (Special) to libinit2.o(.ARM.Collect$$libinit$$0000002A) for __rt_lib_init_argv_1
    libinit.o(.ARM.Collect$$libinit$$00000000) refers (Special) to libinit2.o(.ARM.Collect$$libinit$$00000019) for __rt_lib_init_atexit_1
    libinit.o(.ARM.Collect$$libinit$$00000000) refers (Special) to libinit2.o(.ARM.Collect$$libinit$$0000001F) for __rt_lib_init_clock_1
    libinit.o(.ARM.Collect$$libinit$$00000000) refers (Special) to libinit2.o(.ARM.Collect$$libinit$$00000030) for __rt_lib_init_cpp_1
    libinit.o(.ARM.Collect$$libinit$$00000000) refers (Special) to libinit2.o(.ARM.Collect$$libinit$$0000002E) for __rt_lib_init_exceptions_1
    libinit.o(.ARM.Collect$$libinit$$00000000) refers (Special) to libinit2.o(.ARM.Collect$$libinit$$00000002) for __rt_lib_init_fp_1
    libinit.o(.ARM.Collect$$libinit$$00000000) refers (Special) to libinit2.o(.ARM.Collect$$libinit$$0000001D) for __rt_lib_init_fp_trap_1
    libinit.o(.ARM.Collect$$libinit$$00000000) refers (Special) to libinit2.o(.ARM.Collect$$libinit$$00000021) for __rt_lib_init_getenv_1
    libinit.o(.ARM.Collect$$libinit$$00000000) refers (Special) to libinit2.o(.ARM.Collect$$libinit$$00000008) for __rt_lib_init_heap_1
    libinit.o(.ARM.Collect$$libinit$$00000000) refers (Special) to libinit2.o(.ARM.Collect$$libinit$$0000000F) for __rt_lib_init_lc_collate_1
    libinit.o(.ARM.Collect$$libinit$$00000000) refers (Special) to libinit2.o(.ARM.Collect$$libinit$$00000011) for __rt_lib_init_lc_ctype_1
    libinit.o(.ARM.Collect$$libinit$$00000000) refers (Special) to libinit2.o(.ARM.Collect$$libinit$$00000013) for __rt_lib_init_lc_monetary_1
    libinit.o(.ARM.Collect$$libinit$$00000000) refers (Special) to libinit2.o(.ARM.Collect$$libinit$$00000015) for __rt_lib_init_lc_numeric_1
    libinit.o(.ARM.Collect$$libinit$$00000000) refers (Special) to libinit2.o(.ARM.Collect$$libinit$$00000017) for __rt_lib_init_lc_time_1
    libinit.o(.ARM.Collect$$libinit$$00000000) refers (Special) to libinit2.o(.ARM.Collect$$libinit$$0000000C) for __rt_lib_init_rand_1
    libinit.o(.ARM.Collect$$libinit$$00000000) refers (Special) to libinit2.o(.ARM.Collect$$libinit$$00000031) for __rt_lib_init_return
    libinit.o(.ARM.Collect$$libinit$$00000000) refers (Special) to libinit2.o(.ARM.Collect$$libinit$$0000001B) for __rt_lib_init_signal_1
    libinit.o(.ARM.Collect$$libinit$$00000000) refers (Special) to libinit2.o(.ARM.Collect$$libinit$$00000023) for __rt_lib_init_stdio_1
    libinit.o(.ARM.Collect$$libinit$$00000000) refers (Special) to libinit2.o(.ARM.Collect$$libinit$$0000000A) for __rt_lib_init_user_alloc_1
    libspace.o(.text) refers to libspace.o(.bss) for __libspace_start
    rtexit.o(.ARM.Collect$$rtexit$$00000000) refers (Special) to rtexit2.o(.ARM.Collect$$rtexit$$00000004) for __rt_exit_exit
    rtexit.o(.ARM.Collect$$rtexit$$00000000) refers (Special) to rtexit2.o(.ARM.Collect$$rtexit$$00000003) for __rt_exit_ls
    rtexit.o(.ARM.Collect$$rtexit$$00000000) refers (Special) to rtexit2.o(.ARM.Collect$$rtexit$$00000002) for __rt_exit_prels_1
    rtexit.o(.ARM.exidx) refers (Special) to rtexit2.o(.ARM.Collect$$rtexit$$00000004) for __rt_exit_exit
    rtexit.o(.ARM.exidx) refers (Special) to rtexit2.o(.ARM.Collect$$rtexit$$00000003) for __rt_exit_ls
    rtexit.o(.ARM.exidx) refers (Special) to rtexit2.o(.ARM.Collect$$rtexit$$00000002) for __rt_exit_prels_1
    rtexit.o(.ARM.exidx) refers to rtexit.o(.ARM.Collect$$rtexit$$00000000) for .ARM.Collect$$rtexit$$00000000
    libinit2.o(.ARM.Collect$$libinit$$0000000E) refers to libinit2.o(.ARM.Collect$$libinit$$0000000D) for .ARM.Collect$$libinit$$0000000D
    libinit2.o(.ARM.Collect$$libinit$$00000010) refers to libinit2.o(.ARM.Collect$$libinit$$0000000D) for .ARM.Collect$$libinit$$0000000D
    libinit2.o(.ARM.Collect$$libinit$$00000012) refers to libinit2.o(.ARM.Collect$$libinit$$0000000D) for .ARM.Collect$$libinit$$0000000D
    libinit2.o(.ARM.Collect$$libinit$$00000014) refers to libinit2.o(.ARM.Collect$$libinit$$0000000D) for .ARM.Collect$$libinit$$0000000D
    libinit2.o(.ARM.Collect$$libinit$$00000016) refers to libinit2.o(.ARM.Collect$$libinit$$0000000D) for .ARM.Collect$$libinit$$0000000D
    libinit2.o(.ARM.Collect$$libinit$$00000024) refers to argv_veneer.o(.emb_text) for __ARM_argv_veneer
    libinit2.o(.ARM.Collect$$libinit$$00000025) refers to argv_veneer.o(.emb_text) for __ARM_argv_veneer
    rtexit2.o(.ARM.Collect$$rtexit$$00000003) refers to libshutdown.o(.ARM.Collect$$libshutdown$$00000000) for __rt_lib_shutdown
    rtexit2.o(.ARM.Collect$$rtexit$$00000004) refers to sys_exit.o(.text) for _sys_exit
    rtexit2.o(.ARM.exidx) refers to rtexit2.o(.ARM.Collect$$rtexit$$00000001) for .ARM.Collect$$rtexit$$00000001
    rtexit2.o(.ARM.exidx) refers to rtexit2.o(.ARM.Collect$$rtexit$$00000003) for .ARM.Collect$$rtexit$$00000003
    rtexit2.o(.ARM.exidx) refers to rtexit2.o(.ARM.Collect$$rtexit$$00000004) for .ARM.Collect$$rtexit$$00000004
    argv_veneer.o(.emb_text) refers to no_argv.o(.text) for __ARM_get_argv
    sys_exit.o(.text) refers (Special) to use_no_semi.o(.text) for __I$use$semihosting
    sys_exit.o(.text) refers (Special) to indicate_semi.o(.text) for __semihosting_library_function
    _get_argv_nomalloc.o(.text) refers (Special) to hrguard.o(.text) for __heap_region$guard
    _get_argv_nomalloc.o(.text) refers to defsig_rtmem_outer.o(.text) for __rt_SIGRTMEM
    _get_argv_nomalloc.o(.text) refers to sys_command.o(.text) for _sys_command_string
    libshutdown.o(.ARM.Collect$$libshutdown$$00000000) refers (Special) to libshutdown2.o(.ARM.Collect$$libshutdown$$00000006) for __rt_lib_shutdown_fp_trap_1
    libshutdown.o(.ARM.Collect$$libshutdown$$00000000) refers (Special) to libshutdown2.o(.ARM.Collect$$libshutdown$$0000000E) for __rt_lib_shutdown_heap_1
    libshutdown.o(.ARM.Collect$$libshutdown$$00000000) refers (Special) to libshutdown2.o(.ARM.Collect$$libshutdown$$0000000F) for __rt_lib_shutdown_return
    libshutdown.o(.ARM.Collect$$libshutdown$$00000000) refers (Special) to libshutdown2.o(.ARM.Collect$$libshutdown$$00000009) for __rt_lib_shutdown_signal_1
    libshutdown.o(.ARM.Collect$$libshutdown$$00000000) refers (Special) to libshutdown2.o(.ARM.Collect$$libshutdown$$00000003) for __rt_lib_shutdown_stdio_1
    libshutdown.o(.ARM.Collect$$libshutdown$$00000000) refers (Special) to libshutdown2.o(.ARM.Collect$$libshutdown$$0000000B) for __rt_lib_shutdown_user_alloc_1
    sys_command.o(.text) refers (Special) to use_no_semi.o(.text) for __I$use$semihosting
    sys_command.o(.text) refers (Special) to indicate_semi.o(.text) for __semihosting_library_function
    defsig_rtmem_outer.o(.text) refers to defsig_rtmem_inner.o(.text) for __rt_SIGRTMEM_inner
    defsig_rtmem_outer.o(.text) refers to defsig_exit.o(.text) for __sig_exit
    defsig_rtmem_formal.o(.text) refers to rt_raise.o(.text) for __rt_raise
    rt_raise.o(.text) refers to __raise.o(.text) for __raise
    rt_raise.o(.text) refers to sys_exit.o(.text) for _sys_exit
    defsig_exit.o(.text) refers to sys_exit.o(.text) for _sys_exit
    defsig_rtmem_inner.o(.text) refers to defsig_general.o(.text) for __default_signal_display
    __raise.o(.text) refers to defsig.o(CL$$defsig) for __default_signal_handler
    defsig_general.o(.text) refers to sys_wrch.o(.text) for _ttywrch
    sys_wrch.o(.text) refers (Special) to use_no_semi.o(.text) for __I$use$semihosting
    sys_wrch.o(.text) refers (Special) to indicate_semi.o(.text) for __semihosting_library_function
    defsig.o(CL$$defsig) refers to defsig_rtmem_inner.o(.text) for __rt_SIGRTMEM_inner
    defsig_abrt_inner.o(.text) refers to defsig_general.o(.text) for __default_signal_display
    defsig_fpe_inner.o(.text) refers to defsig_general.o(.text) for __default_signal_display
    defsig_rtred_inner.o(.text) refers to defsig_general.o(.text) for __default_signal_display
    defsig_stak_inner.o(.text) refers to defsig_general.o(.text) for __default_signal_display
    defsig_pvfn_inner.o(.text) refers to defsig_general.o(.text) for __default_signal_display
    defsig_cppl_inner.o(.text) refers to defsig_general.o(.text) for __default_signal_display
    defsig_segv_inner.o(.text) refers to defsig_general.o(.text) for __default_signal_display
    defsig_other.o(.text) refers to defsig_general.o(.text) for __default_signal_display


==============================================================================

Removing Unused input sections from the image.

    Removing adc.o(i.ADC_In), (56 bytes).
    Removing adc.o(i.PE_Init), (100 bytes).
    Removing timer0.o(i.Timer0_Init), (96 bytes).
    Removing timer1.o(i.Timer1_Init), (136 bytes).
    Removing timer1.o(.data), (4 bytes).
    Removing sound.o(i.Sound_Hit), (28 bytes).
    Removing sound.o(i.Sound_HoleEnd), (28 bytes).
    Removing sound.o(i.Sound_In), (28 bytes).
    Removing sound.o(i.Sound_Play), (8 bytes).
    Removing sound.o(i.Sound_Sand), (28 bytes).
    Removing sound.o(i.Sound_Water), (28 bytes).
    Removing print.o(.text), (300 bytes).
    Removing st7735.o(i.Output_Clear), (10 bytes).
    Removing st7735.o(i.Output_Color), (12 bytes).
    Removing st7735.o(i.Output_Off), (8 bytes).
    Removing st7735.o(i.Output_On), (8 bytes).
    Removing st7735.o(i.ST7735_Color565), (24 bytes).
    Removing st7735.o(i.ST7735_DrawChar), (268 bytes).
    Removing st7735.o(i.ST7735_DrawCharS), (244 bytes).
    Removing st7735.o(i.ST7735_DrawFastHLine), (124 bytes).
    Removing st7735.o(i.ST7735_DrawFastVLine), (124 bytes).
    Removing st7735.o(i.ST7735_DrawPixel), (72 bytes).
    Removing st7735.o(i.ST7735_DrawString), (86 bytes).
    Removing st7735.o(i.ST7735_InitB), (40 bytes).
    Removing st7735.o(i.ST7735_InvertDisplay), (22 bytes).
    Removing st7735.o(i.ST7735_OutChar), (212 bytes).
    Removing st7735.o(i.ST7735_OutString), (24 bytes).
    Removing st7735.o(i.ST7735_OutUDec), (140 bytes).
    Removing st7735.o(i.ST7735_PlotBar), (88 bytes).
    Removing st7735.o(i.ST7735_PlotClear), (92 bytes).
    Removing st7735.o(i.ST7735_PlotLine), (264 bytes).
    Removing st7735.o(i.ST7735_PlotNext), (32 bytes).
    Removing st7735.o(i.ST7735_PlotNextErase), (64 bytes).
    Removing st7735.o(i.ST7735_PlotPoint), (152 bytes).
    Removing st7735.o(i.ST7735_PlotPoints), (172 bytes).
    Removing st7735.o(i.ST7735_PlotdBfs), (60 bytes).
    Removing st7735.o(i.ST7735_SetRotation), (212 bytes).
    Removing st7735.o(i.ST7735_SetTextColor), (12 bytes).
    Removing st7735.o(i.ST7735_SwapColor), (18 bytes).
    Removing st7735.o(i.ferror), (8 bytes).
    Removing st7735.o(i.fgetc), (6 bytes).
    Removing st7735.o(i.fillmessage), (72 bytes).
    Removing st7735.o(i.fputc), (16 bytes).
    Removing st7735.o(i.pushColor), (18 bytes).
    Removing st7735.o(.bss), (12 bytes).
    Removing minigolf.o(i.displayHelp), (296 bytes).
    Removing minigolf.o(i.displayStart), (276 bytes).
    Removing minigolf.o(i.getStrokes), (12 bytes).
    Removing minigolf.o(i.getXPos), (64 bytes).
    Removing minigolf.o(i.getYPos), (64 bytes).
    Removing minigolf.o(i.setXPos), (52 bytes).
    Removing minigolf.o(i.setYPos), (52 bytes).
    Removing minigolf.o(i.startGame), (100 bytes).
    Removing minigolf.o(.data), (20 bytes).
    Removing physics.o(i.Convert), (64 bytes).
    Removing physics.o(i.ConvertDir), (22 bytes).
    Removing physics.o(i.displayLevel), (84 bytes).
    Removing physics.o(i.getDir), (18 bytes).
    Removing physics.o(i.getSpeed), (18 bytes).
    Removing physics.o(i.setBounds), (48 bytes).
    Removing physics.o(i.showSpeed), (42 bytes).
    Removing sensor.o(i.getDistance), (92 bytes).
    Removing sensor.o(i.screenSaver), (56 bytes).

63 unused section(s) (total 4936 bytes) removed from the image.

==============================================================================

Image Symbol Table

    Local Symbols

    Symbol Name                              Value     Ov Type        Size  Object(Section)

    RESET                                    0x00000000   Section      644  startup.o(RESET)
    ../clib/angel/boardlib.s                 0x00000000   Number         0  boardinit2.o ABSOLUTE
    ../clib/angel/boardlib.s                 0x00000000   Number         0  boardshut.o ABSOLUTE
    ../clib/angel/boardlib.s                 0x00000000   Number         0  boardinit1.o ABSOLUTE
    ../clib/angel/boardlib.s                 0x00000000   Number         0  boardinit3.o ABSOLUTE
    ../clib/angel/dclz77c.s                  0x00000000   Number         0  __dclz77c.o ABSOLUTE
    ../clib/angel/handlers.s                 0x00000000   Number         0  __scatter_zi.o ABSOLUTE
    ../clib/angel/kernel.s                   0x00000000   Number         0  rtentry.o ABSOLUTE
    ../clib/angel/kernel.s                   0x00000000   Number         0  rtexit.o ABSOLUTE
    ../clib/angel/kernel.s                   0x00000000   Number         0  rtentry2.o ABSOLUTE
    ../clib/angel/kernel.s                   0x00000000   Number         0  rtentry4.o ABSOLUTE
    ../clib/angel/kernel.s                   0x00000000   Number         0  rtexit2.o ABSOLUTE
    ../clib/angel/rt.s                       0x00000000   Number         0  rt_raise.o ABSOLUTE
    ../clib/angel/scatter.s                  0x00000000   Number         0  __scatter.o ABSOLUTE
    ../clib/angel/startup.s                  0x00000000   Number         0  __main.o ABSOLUTE
    ../clib/angel/sys.s                      0x00000000   Number         0  indicate_semi.o ABSOLUTE
    ../clib/angel/sys.s                      0x00000000   Number         0  use_no_semi.o ABSOLUTE
    ../clib/angel/sys.s                      0x00000000   Number         0  libspace.o ABSOLUTE
    ../clib/angel/sys.s                      0x00000000   Number         0  sys_stackheap_outer.o ABSOLUTE
    ../clib/angel/sysapp.c                   0x00000000   Number         0  sys_wrch.o ABSOLUTE
    ../clib/angel/sysapp.c                   0x00000000   Number         0  sys_command.o ABSOLUTE
    ../clib/angel/sysapp.c                   0x00000000   Number         0  sys_exit.o ABSOLUTE
    ../clib/armsys.c                         0x00000000   Number         0  _get_argv_nomalloc.o ABSOLUTE
    ../clib/armsys.c                         0x00000000   Number         0  no_argv.o ABSOLUTE
    ../clib/armsys.c                         0x00000000   Number         0  argv_veneer.o ABSOLUTE
    ../clib/armsys.c                         0x00000000   Number         0  argv_veneer.o ABSOLUTE
    ../clib/heapalloc.c                      0x00000000   Number         0  hrguard.o ABSOLUTE
    ../clib/heapaux.c                        0x00000000   Number         0  heapauxi.o ABSOLUTE
    ../clib/libinit.s                        0x00000000   Number         0  libshutdown.o ABSOLUTE
    ../clib/libinit.s                        0x00000000   Number         0  libshutdown2.o ABSOLUTE
    ../clib/libinit.s                        0x00000000   Number         0  libinit.o ABSOLUTE
    ../clib/libinit.s                        0x00000000   Number         0  libinit2.o ABSOLUTE
    ../clib/signal.c                         0x00000000   Number         0  __raise.o ABSOLUTE
    ../clib/signal.c                         0x00000000   Number         0  defsig_rtmem_inner.o ABSOLUTE
    ../clib/signal.c                         0x00000000   Number         0  defsig_exit.o ABSOLUTE
    ../clib/signal.c                         0x00000000   Number         0  defsig_general.o ABSOLUTE
    ../clib/signal.c                         0x00000000   Number         0  defsig_rtmem_outer.o ABSOLUTE
    ../clib/signal.c                         0x00000000   Number         0  defsig_stak_inner.o ABSOLUTE
    ../clib/signal.c                         0x00000000   Number         0  defsig_abrt_inner.o ABSOLUTE
    ../clib/signal.c                         0x00000000   Number         0  defsig_fpe_inner.o ABSOLUTE
    ../clib/signal.c                         0x00000000   Number         0  defsig_rtred_inner.o ABSOLUTE
    ../clib/signal.c                         0x00000000   Number         0  defsig_pvfn_inner.o ABSOLUTE
    ../clib/signal.c                         0x00000000   Number         0  defsig_cppl_inner.o ABSOLUTE
    ../clib/signal.c                         0x00000000   Number         0  defsig_segv_inner.o ABSOLUTE
    ../clib/signal.c                         0x00000000   Number         0  defsig_other.o ABSOLUTE
    ../clib/signal.c                         0x00000000   Number         0  defsig_rtmem_formal.o ABSOLUTE
    ../clib/signal.s                         0x00000000   Number         0  defsig.o ABSOLUTE
    ../clib/stdlib.c                         0x00000000   Number         0  exit.o ABSOLUTE
    ../fplib/daddsub.s                       0x00000000   Number         0  daddsub_clz.o ABSOLUTE
    ../fplib/dfix.s                          0x00000000   Number         0  dfix.o ABSOLUTE
    ../fplib/dflt.s                          0x00000000   Number         0  dflt_clz.o ABSOLUTE
    ../fplib/dnaninf.s                       0x00000000   Number         0  dnaninf.o ABSOLUTE
    ../fplib/dretinf.s                       0x00000000   Number         0  dretinf.o ABSOLUTE
    ../fplib/fpinit.s                        0x00000000   Number         0  fpinit.o ABSOLUTE
    ../fplib/usenofp.s                       0x00000000   Number         0  usenofp.o ABSOLUTE
    ADC.c                                    0x00000000   Number         0  adc.o ABSOLUTE
    DAC.c                                    0x00000000   Number         0  dac.o ABSOLUTE
    EdgeInterrupt.c                          0x00000000   Number         0  edgeinterrupt.o ABSOLUTE
    LCD.s                                    0x00000000   Number         0  lcd.o ABSOLUTE
    MiniGolf.c                               0x00000000   Number         0  minigolf.o ABSOLUTE
    Physics.c                                0x00000000   Number         0  physics.o ABSOLUTE
    Print.s                                  0x00000000   Number         0  print.o ABSOLUTE
    ST7735.c                                 0x00000000   Number         0  st7735.o ABSOLUTE
    Sensor.c                                 0x00000000   Number         0  sensor.o ABSOLUTE
    Sound.c                                  0x00000000   Number         0  sound.o ABSOLUTE
    TExaS.c                                  0x00000000   Number         0  texas.o ABSOLUTE
    Timer0.c                                 0x00000000   Number         0  timer0.o ABSOLUTE
    Timer1.c                                 0x00000000   Number         0  timer1.o ABSOLUTE
    dc.s                                     0x00000000   Number         0  dc.o ABSOLUTE
    random.s                                 0x00000000   Number         0  random.o ABSOLUTE
    startup.s                                0x00000000   Number         0  startup.o ABSOLUTE
    !!!main                                  0x00000284   Section        8  __main.o(!!!main)
    !!!scatter                               0x0000028c   Section       52  __scatter.o(!!!scatter)
    !!dclz77c                                0x000002c0   Section      100  __dclz77c.o(!!dclz77c)
    !!handler_zi                             0x00000324   Section       28  __scatter_zi.o(!!handler_zi)
    .ARM.Collect$$libinit$$00000000          0x00000340   Section        2  libinit.o(.ARM.Collect$$libinit$$00000000)
    .ARM.Collect$$libinit$$00000002          0x00000342   Section        0  libinit2.o(.ARM.Collect$$libinit$$00000002)
    .ARM.Collect$$libinit$$00000008          0x00000342   Section        0  libinit2.o(.ARM.Collect$$libinit$$00000008)
    .ARM.Collect$$libinit$$0000000A          0x00000342   Section        0  libinit2.o(.ARM.Collect$$libinit$$0000000A)
    .ARM.Collect$$libinit$$0000000C          0x00000342   Section        0  libinit2.o(.ARM.Collect$$libinit$$0000000C)
    .ARM.Collect$$libinit$$0000000F          0x00000342   Section        0  libinit2.o(.ARM.Collect$$libinit$$0000000F)
    .ARM.Collect$$libinit$$00000011          0x00000342   Section        0  libinit2.o(.ARM.Collect$$libinit$$00000011)
    .ARM.Collect$$libinit$$00000013          0x00000342   Section        0  libinit2.o(.ARM.Collect$$libinit$$00000013)
    .ARM.Collect$$libinit$$00000015          0x00000342   Section        0  libinit2.o(.ARM.Collect$$libinit$$00000015)
    .ARM.Collect$$libinit$$00000017          0x00000342   Section        0  libinit2.o(.ARM.Collect$$libinit$$00000017)
    .ARM.Collect$$libinit$$00000019          0x00000342   Section        0  libinit2.o(.ARM.Collect$$libinit$$00000019)
    .ARM.Collect$$libinit$$0000001B          0x00000342   Section        0  libinit2.o(.ARM.Collect$$libinit$$0000001B)
    .ARM.Collect$$libinit$$0000001D          0x00000342   Section        0  libinit2.o(.ARM.Collect$$libinit$$0000001D)
    .ARM.Collect$$libinit$$0000001F          0x00000342   Section        0  libinit2.o(.ARM.Collect$$libinit$$0000001F)
    .ARM.Collect$$libinit$$00000021          0x00000342   Section        0  libinit2.o(.ARM.Collect$$libinit$$00000021)
    .ARM.Collect$$libinit$$00000023          0x00000342   Section        0  libinit2.o(.ARM.Collect$$libinit$$00000023)
    .ARM.Collect$$libinit$$0000002A          0x00000342   Section        0  libinit2.o(.ARM.Collect$$libinit$$0000002A)
    .ARM.Collect$$libinit$$0000002C          0x00000342   Section        0  libinit2.o(.ARM.Collect$$libinit$$0000002C)
    .ARM.Collect$$libinit$$0000002E          0x00000342   Section        0  libinit2.o(.ARM.Collect$$libinit$$0000002E)
    .ARM.Collect$$libinit$$00000030          0x00000342   Section        0  libinit2.o(.ARM.Collect$$libinit$$00000030)
    .ARM.Collect$$libinit$$00000031          0x00000342   Section        2  libinit2.o(.ARM.Collect$$libinit$$00000031)
    .ARM.Collect$$libshutdown$$00000000      0x00000344   Section        2  libshutdown.o(.ARM.Collect$$libshutdown$$00000000)
    .ARM.Collect$$libshutdown$$00000003      0x00000346   Section        0  libshutdown2.o(.ARM.Collect$$libshutdown$$00000003)
    .ARM.Collect$$libshutdown$$00000006      0x00000346   Section        0  libshutdown2.o(.ARM.Collect$$libshutdown$$00000006)
    .ARM.Collect$$libshutdown$$00000009      0x00000346   Section        0  libshutdown2.o(.ARM.Collect$$libshutdown$$00000009)
    .ARM.Collect$$libshutdown$$0000000B      0x00000346   Section        0  libshutdown2.o(.ARM.Collect$$libshutdown$$0000000B)
    .ARM.Collect$$libshutdown$$0000000E      0x00000346   Section        0  libshutdown2.o(.ARM.Collect$$libshutdown$$0000000E)
    .ARM.Collect$$libshutdown$$0000000F      0x00000346   Section        2  libshutdown2.o(.ARM.Collect$$libshutdown$$0000000F)
    .ARM.Collect$$rtentry$$00000000          0x00000348   Section        0  rtentry.o(.ARM.Collect$$rtentry$$00000000)
    .ARM.Collect$$rtentry$$00000002          0x00000348   Section        0  rtentry2.o(.ARM.Collect$$rtentry$$00000002)
    .ARM.Collect$$rtentry$$00000004          0x00000348   Section        6  rtentry4.o(.ARM.Collect$$rtentry$$00000004)
    .ARM.Collect$$rtentry$$00000009          0x0000034e   Section        0  rtentry2.o(.ARM.Collect$$rtentry$$00000009)
    .ARM.Collect$$rtentry$$0000000A          0x0000034e   Section        4  rtentry2.o(.ARM.Collect$$rtentry$$0000000A)
    .ARM.Collect$$rtentry$$0000000C          0x00000352   Section        0  rtentry2.o(.ARM.Collect$$rtentry$$0000000C)
    .ARM.Collect$$rtentry$$0000000D          0x00000352   Section        8  rtentry2.o(.ARM.Collect$$rtentry$$0000000D)
    .ARM.Collect$$rtexit$$00000000           0x0000035a   Section        2  rtexit.o(.ARM.Collect$$rtexit$$00000000)
    .ARM.Collect$$rtexit$$00000002           0x0000035c   Section        0  rtexit2.o(.ARM.Collect$$rtexit$$00000002)
    .ARM.Collect$$rtexit$$00000003           0x0000035c   Section        4  rtexit2.o(.ARM.Collect$$rtexit$$00000003)
    .ARM.Collect$$rtexit$$00000004           0x00000360   Section        6  rtexit2.o(.ARM.Collect$$rtexit$$00000004)
    .text                                    0x00000368   Section       48  startup.o(.text)
    .text                                    0x00000398   Section       60  random.o(.text)
    .text                                    0x000003d4   Section       88  lcd.o(.text)
    .text                                    0x0000042c   Section        0  texas.o(.text)
    .text                                    0x000008cc   Section        0  heapauxi.o(.text)
    .text                                    0x000008d2   Section       74  sys_stackheap_outer.o(.text)
    .text                                    0x0000091c   Section        0  exit.o(.text)
    .text                                    0x00000928   Section        8  libspace.o(.text)
    .text                                    0x00000930   Section        0  sys_exit.o(.text)
    .text                                    0x0000093c   Section        2  use_no_semi.o(.text)
    .text                                    0x0000093e   Section        0  indicate_semi.o(.text)
    i.ADC_Init                               0x00000940   Section        0  adc.o(i.ADC_Init)
    i.Buttons_Init                           0x00000a24   Section        0  edgeinterrupt.o(i.Buttons_Init)
    i.DAC_Init                               0x00000af0   Section        0  dac.o(i.DAC_Init)
    i.DAC_Out                                0x00000b54   Section        0  dac.o(i.DAC_Out)
    i.Delay100ms                             0x00000b60   Section        0  minigolf.o(i.Delay100ms)
    i.Delay1ms                               0x00000b84   Section        0  st7735.o(i.Delay1ms)
    i.GPIOPortD_Handler                      0x00000ba4   Section        0  edgeinterrupt.o(i.GPIOPortD_Handler)
    i.MoveBall                               0x00000c44   Section        0  physics.o(i.MoveBall)
    i.Output_Init                            0x00000d04   Section        0  st7735.o(i.Output_Init)
    i.PortFInit                              0x00000d14   Section        0  minigolf.o(i.PortFInit)
    i.ST7735_DrawBitmap                      0x00000d74   Section        0  st7735.o(i.ST7735_DrawBitmap)
    i.ST7735_FillRect                        0x00000e94   Section        0  st7735.o(i.ST7735_FillRect)
    i.ST7735_FillScreen                      0x00000f40   Section        0  st7735.o(i.ST7735_FillScreen)
    i.ST7735_InitR                           0x00000f64   Section        0  st7735.o(i.ST7735_InitR)
    i.ST7735_SetCursor                       0x00000fe0   Section        0  st7735.o(i.ST7735_SetCursor)
    i.Sensor_Init                            0x00001000   Section        0  sensor.o(i.Sensor_Init)
    i.Sound_Init                             0x00001064   Section        0  sound.o(i.Sound_Init)
    i.SysTick_Handler                        0x000010a4   Section        0  sound.o(i.SysTick_Handler)
    i.Timer0A_Handler                        0x00001188   Section        0  timer0.o(i.Timer0A_Handler)
    i.Timer1A_Handler                        0x000011a0   Section        0  timer1.o(i.Timer1A_Handler)
    i.commandList                            0x000011ac   Section        0  st7735.o(i.commandList)
    commandList                              0x000011ad   Thumb Code    86  st7735.o(i.commandList)
    i.commonInit                             0x00001204   Section        0  st7735.o(i.commonInit)
    commonInit                               0x00001205   Thumb Code   340  st7735.o(i.commonInit)
    i.getBallHeight                          0x00001388   Section        0  minigolf.o(i.getBallHeight)
    i.getBallWidth                           0x00001394   Section        0  minigolf.o(i.getBallWidth)
    i.getBallX                               0x000013a0   Section        0  minigolf.o(i.getBallX)
    i.getBallY                               0x000013ac   Section        0  minigolf.o(i.getBallY)
    i.main                                   0x000013b8   Section        0  minigolf.o(i.main)
    i.setAddrWindow                          0x0000141c   Section        0  st7735.o(i.setAddrWindow)
    setAddrWindow                            0x0000141d   Thumb Code   106  st7735.o(i.setAddrWindow)
    i.setBall                                0x00001490   Section        0  physics.o(i.setBall)
    i.setBallHeight                          0x000014d8   Section        0  minigolf.o(i.setBallHeight)
    i.setBallWidth                           0x000014e4   Section        0  minigolf.o(i.setBallWidth)
    i.setBallX                               0x000014f0   Section        0  minigolf.o(i.setBallX)
    i.setBallY                               0x000014fc   Section        0  minigolf.o(i.setBallY)
    i.showDir                                0x00001508   Section        0  physics.o(i.showDir)
    .constdata                               0x00001588   Section     2018  st7735.o(.constdata)
    Font                                     0x00001588   Data        1275  st7735.o(.constdata)
    Bcmd                                     0x00001a83   Data         103  st7735.o(.constdata)
    Rcmd1                                    0x00001aea   Data          59  st7735.o(.constdata)
    Rcmd2green                               0x00001b25   Data          13  st7735.o(.constdata)
    Rcmd2red                                 0x00001b32   Data          13  st7735.o(.constdata)
    Rcmd3                                    0x00001b3f   Data          43  st7735.o(.constdata)
    .constdata                               0x00001d6a   Section    30502  physics.o(.constdata)
    .constdata                               0x00009490   Section      240  texas.o(.constdata)
    .data                                    0x20000000   Section        4  timer0.o(.data)
    .data                                    0x20000004   Section    100056  sound.o(.data)
    .data                                    0x200186dc   Section       44  st7735.o(.data)
    _width                                   0x200186e6   Data           2  st7735.o(.data)
    _height                                  0x200186e8   Data           2  st7735.o(.data)
    ColStart                                 0x200186f0   Data           1  st7735.o(.data)
    RowStart                                 0x200186f1   Data           1  st7735.o(.data)
    Rotation                                 0x200186f2   Data           1  st7735.o(.data)
    TabColor                                 0x200186f3   Data           1  st7735.o(.data)
    .data                                    0x20018708   Section       16  edgeinterrupt.o(.data)
    .data                                    0x20018718   Section     1456  physics.o(.data)
    .data                                    0x20018cc8   Section       48  texas.o(.data)
    DATA                                     0x20018cf8   Section        4  random.o(DATA)
    M                                        0x20018cf8   Data           4  random.o(DATA)
    .bss                                     0x20018cfc   Section       60  minigolf.o(.bss)
    .bss                                     0x20018d38   Section       56  texas.o(.bss)
    .bss                                     0x20018d70   Section       96  libspace.o(.bss)
    HEAP                                     0x20018dd0   Section        0  startup.o(HEAP)
    STACK                                    0x20018dd0   Section     1024  startup.o(STACK)
    HeapMem                                  0x20018dd0   Data           0  startup.o(HEAP)
    StackMem                                 0x20018dd0   Data           0  startup.o(STACK)

    Global Symbols

    Symbol Name                              Value     Ov Type        Size  Object(Section)

    BuildAttributes$$THM_ISAv4$E$P$D$K$B$S$7EM$PE$A:L22UL41UL21$X:L11$S22US41US21$IEEE1$IW$USESV6$~STKCKD$USESV7$~SHL$OSPACE$ROPI$EBA8$UX$STANDARDLIB$REQ8$PRES8$EABIv2 0x00000000   Number         0  anon$$obj.o ABSOLUTE
    __ARM_use_no_argv                        0x00000000   Number         0  minigolf.o ABSOLUTE
    __Vectors                                0x00000000   Data           0  startup.o(RESET)
    __ARM_exceptions_init                     - Undefined Weak Reference
    __alloca_initialize                       - Undefined Weak Reference
    __cpp_initialize__aeabi_                  - Undefined Weak Reference
    __cxa_finalize                            - Undefined Weak Reference
    __rt_locale                               - Undefined Weak Reference
    __sigvec_lookup                           - Undefined Weak Reference
    _atexit_init                              - Undefined Weak Reference
    _call_atexit_fns                          - Undefined Weak Reference
    _clock_init                               - Undefined Weak Reference
    _fp_trap_init                             - Undefined Weak Reference
    _fp_trap_shutdown                         - Undefined Weak Reference
    _get_lc_collate                           - Undefined Weak Reference
    _get_lc_ctype                             - Undefined Weak Reference
    _get_lc_monetary                          - Undefined Weak Reference
    _get_lc_numeric                           - Undefined Weak Reference
    _get_lc_time                              - Undefined Weak Reference
    _getenv_init                              - Undefined Weak Reference
    _handle_redirection                       - Undefined Weak Reference
    _init_alloc                               - Undefined Weak Reference
    _init_user_alloc                          - Undefined Weak Reference
    _initio                                   - Undefined Weak Reference
    _rand_init                                - Undefined Weak Reference
    _signal_finish                            - Undefined Weak Reference
    _signal_init                              - Undefined Weak Reference
    _terminate_alloc                          - Undefined Weak Reference
    _terminate_user_alloc                     - Undefined Weak Reference
    _terminateio                              - Undefined Weak Reference
    Reset_Handler                            0x0000026d   Thumb Code     0  startup.o(RESET)
    NMI_Handler                              0x00000271   Thumb Code     2  startup.o(RESET)
    HardFault_Handler                        0x00000273   Thumb Code     2  startup.o(RESET)
    MemManage_Handler                        0x00000275   Thumb Code     2  startup.o(RESET)
    BusFault_Handler                         0x00000277   Thumb Code     2  startup.o(RESET)
    UsageFault_Handler                       0x00000279   Thumb Code     2  startup.o(RESET)
    SVC_Handler                              0x0000027b   Thumb Code     2  startup.o(RESET)
    DebugMon_Handler                         0x0000027d   Thumb Code     2  startup.o(RESET)
    PendSV_Handler                           0x0000027f   Thumb Code     2  startup.o(RESET)
    ADC0Seq0_Handler                         0x00000283   Thumb Code     0  startup.o(RESET)
    ADC0Seq1_Handler                         0x00000283   Thumb Code     0  startup.o(RESET)
    ADC0Seq2_Handler                         0x00000283   Thumb Code     0  startup.o(RESET)
    ADC0Seq3_Handler                         0x00000283   Thumb Code     0  startup.o(RESET)
    ADC1Seq0_Handler                         0x00000283   Thumb Code     0  startup.o(RESET)
    ADC1Seq1_Handler                         0x00000283   Thumb Code     0  startup.o(RESET)
    ADC1Seq2_Handler                         0x00000283   Thumb Code     0  startup.o(RESET)
    ADC1Seq3_Handler                         0x00000283   Thumb Code     0  startup.o(RESET)
    CAN0_Handler                             0x00000283   Thumb Code     0  startup.o(RESET)
    CAN1_Handler                             0x00000283   Thumb Code     0  startup.o(RESET)
    CAN2_Handler                             0x00000283   Thumb Code     0  startup.o(RESET)
    Comp0_Handler                            0x00000283   Thumb Code     0  startup.o(RESET)
    Comp1_Handler                            0x00000283   Thumb Code     0  startup.o(RESET)
    Comp2_Handler                            0x00000283   Thumb Code     0  startup.o(RESET)
    Ethernet_Handler                         0x00000283   Thumb Code     0  startup.o(RESET)
    ExtBus_Handler                           0x00000283   Thumb Code     0  startup.o(RESET)
    FPU_Handler                              0x00000283   Thumb Code     0  startup.o(RESET)
    Fan0_Handler                             0x00000283   Thumb Code     0  startup.o(RESET)
    FlashCtl_Handler                         0x00000283   Thumb Code     0  startup.o(RESET)
    GPIOPortA_Handler                        0x00000283   Thumb Code     0  startup.o(RESET)
    GPIOPortB_Handler                        0x00000283   Thumb Code     0  startup.o(RESET)
    GPIOPortC_Handler                        0x00000283   Thumb Code     0  startup.o(RESET)
    GPIOPortE_Handler                        0x00000283   Thumb Code     0  startup.o(RESET)
    GPIOPortF_Handler                        0x00000283   Thumb Code     0  startup.o(RESET)
    GPIOPortG_Handler                        0x00000283   Thumb Code     0  startup.o(RESET)
    GPIOPortH_Handler                        0x00000283   Thumb Code     0  startup.o(RESET)
    GPIOPortJ_Handler                        0x00000283   Thumb Code     0  startup.o(RESET)
    GPIOPortK_Handler                        0x00000283   Thumb Code     0  startup.o(RESET)
    GPIOPortL_Handler                        0x00000283   Thumb Code     0  startup.o(RESET)
    GPIOPortM_Handler                        0x00000283   Thumb Code     0  startup.o(RESET)
    GPIOPortN_Handler                        0x00000283   Thumb Code     0  startup.o(RESET)
    GPIOPortP1_Handler                       0x00000283   Thumb Code     0  startup.o(RESET)
    GPIOPortP2_Handler                       0x00000283   Thumb Code     0  startup.o(RESET)
    GPIOPortP3_Handler                       0x00000283   Thumb Code     0  startup.o(RESET)
    GPIOPortP4_Handler                       0x00000283   Thumb Code     0  startup.o(RESET)
    GPIOPortP5_Handler                       0x00000283   Thumb Code     0  startup.o(RESET)
    GPIOPortP6_Handler                       0x00000283   Thumb Code     0  startup.o(RESET)
    GPIOPortP7_Handler                       0x00000283   Thumb Code     0  startup.o(RESET)
    GPIOPortP_Handler                        0x00000283   Thumb Code     0  startup.o(RESET)
    GPIOPortQ1_Handler                       0x00000283   Thumb Code     0  startup.o(RESET)
    GPIOPortQ2_Handler                       0x00000283   Thumb Code     0  startup.o(RESET)
    GPIOPortQ3_Handler                       0x00000283   Thumb Code     0  startup.o(RESET)
    GPIOPortQ4_Handler                       0x00000283   Thumb Code     0  startup.o(RESET)
    GPIOPortQ5_Handler                       0x00000283   Thumb Code     0  startup.o(RESET)
    GPIOPortQ6_Handler                       0x00000283   Thumb Code     0  startup.o(RESET)
    GPIOPortQ7_Handler                       0x00000283   Thumb Code     0  startup.o(RESET)
    GPIOPortQ_Handler                        0x00000283   Thumb Code     0  startup.o(RESET)
    GPIOPortR_Handler                        0x00000283   Thumb Code     0  startup.o(RESET)
    GPIOPortS_Handler                        0x00000283   Thumb Code     0  startup.o(RESET)
    Hibernate_Handler                        0x00000283   Thumb Code     0  startup.o(RESET)
    I2C0_Handler                             0x00000283   Thumb Code     0  startup.o(RESET)
    I2C1_Handler                             0x00000283   Thumb Code     0  startup.o(RESET)
    I2C2_Handler                             0x00000283   Thumb Code     0  startup.o(RESET)
    I2C3_Handler                             0x00000283   Thumb Code     0  startup.o(RESET)
    I2C4_Handler                             0x00000283   Thumb Code     0  startup.o(RESET)
    I2C5_Handler                             0x00000283   Thumb Code     0  startup.o(RESET)
    I2S0_Handler                             0x00000283   Thumb Code     0  startup.o(RESET)
    LPC0_Handler                             0x00000283   Thumb Code     0  startup.o(RESET)
    PECI0_Handler                            0x00000283   Thumb Code     0  startup.o(RESET)
    PWM0Fault_Handler                        0x00000283   Thumb Code     0  startup.o(RESET)
    PWM0Generator0_Handler                   0x00000283   Thumb Code     0  startup.o(RESET)
    PWM0Generator1_Handler                   0x00000283   Thumb Code     0  startup.o(RESET)
    PWM0Generator2_Handler                   0x00000283   Thumb Code     0  startup.o(RESET)
    PWM0Generator3_Handler                   0x00000283   Thumb Code     0  startup.o(RESET)
    PWM1Fault_Handler                        0x00000283   Thumb Code     0  startup.o(RESET)
    PWM1Generator0_Handler                   0x00000283   Thumb Code     0  startup.o(RESET)
    PWM1Generator1_Handler                   0x00000283   Thumb Code     0  startup.o(RESET)
    PWM1Generator2_Handler                   0x00000283   Thumb Code     0  startup.o(RESET)
    PWM1Generator3_Handler                   0x00000283   Thumb Code     0  startup.o(RESET)
    Quadrature0_Handler                      0x00000283   Thumb Code     0  startup.o(RESET)
    Quadrature1_Handler                      0x00000283   Thumb Code     0  startup.o(RESET)
    Quadrature2_Handler                      0x00000283   Thumb Code     0  startup.o(RESET)
    SSI0_Handler                             0x00000283   Thumb Code     0  startup.o(RESET)
    SSI1_Handler                             0x00000283   Thumb Code     0  startup.o(RESET)
    SSI2_Handler                             0x00000283   Thumb Code     0  startup.o(RESET)
    SSI3_Handler                             0x00000283   Thumb Code     0  startup.o(RESET)
    SysCtl_Handler                           0x00000283   Thumb Code     0  startup.o(RESET)
    Timer0B_Handler                          0x00000283   Thumb Code     0  startup.o(RESET)
    Timer1B_Handler                          0x00000283   Thumb Code     0  startup.o(RESET)
    Timer2A_Handler                          0x00000283   Thumb Code     0  startup.o(RESET)
    Timer2B_Handler                          0x00000283   Thumb Code     0  startup.o(RESET)
    Timer3A_Handler                          0x00000283   Thumb Code     0  startup.o(RESET)
    Timer3B_Handler                          0x00000283   Thumb Code     0  startup.o(RESET)
    Timer4B_Handler                          0x00000283   Thumb Code     0  startup.o(RESET)
    Timer5B_Handler                          0x00000283   Thumb Code     0  startup.o(RESET)
    UART0_Handler                            0x00000283   Thumb Code     0  startup.o(RESET)
    UART1_Handler                            0x00000283   Thumb Code     0  startup.o(RESET)
    UART2_Handler                            0x00000283   Thumb Code     0  startup.o(RESET)
    UART3_Handler                            0x00000283   Thumb Code     0  startup.o(RESET)
    UART4_Handler                            0x00000283   Thumb Code     0  startup.o(RESET)
    UART5_Handler                            0x00000283   Thumb Code     0  startup.o(RESET)
    UART6_Handler                            0x00000283   Thumb Code     0  startup.o(RESET)
    UART7_Handler                            0x00000283   Thumb Code     0  startup.o(RESET)
    USB0_Handler                             0x00000283   Thumb Code     0  startup.o(RESET)
    WDT_Handler                              0x00000283   Thumb Code     0  startup.o(RESET)
    WideTimer0A_Handler                      0x00000283   Thumb Code     0  startup.o(RESET)
    WideTimer0B_Handler                      0x00000283   Thumb Code     0  startup.o(RESET)
    WideTimer1A_Handler                      0x00000283   Thumb Code     0  startup.o(RESET)
    WideTimer1B_Handler                      0x00000283   Thumb Code     0  startup.o(RESET)
    WideTimer2A_Handler                      0x00000283   Thumb Code     0  startup.o(RESET)
    WideTimer2B_Handler                      0x00000283   Thumb Code     0  startup.o(RESET)
    WideTimer3A_Handler                      0x00000283   Thumb Code     0  startup.o(RESET)
    WideTimer3B_Handler                      0x00000283   Thumb Code     0  startup.o(RESET)
    WideTimer4A_Handler                      0x00000283   Thumb Code     0  startup.o(RESET)
    WideTimer4B_Handler                      0x00000283   Thumb Code     0  startup.o(RESET)
    WideTimer5A_Handler                      0x00000283   Thumb Code     0  startup.o(RESET)
    WideTimer5B_Handler                      0x00000283   Thumb Code     0  startup.o(RESET)
    uDMA_Error                               0x00000283   Thumb Code     0  startup.o(RESET)
    uDMA_Handler                             0x00000283   Thumb Code     0  startup.o(RESET)
    __main                                   0x00000285   Thumb Code     8  __main.o(!!!main)
    __scatterload                            0x0000028d   Thumb Code     0  __scatter.o(!!!scatter)
    __scatterload_rt2                        0x0000028d   Thumb Code    44  __scatter.o(!!!scatter)
    __scatterload_rt2_thumb_only             0x0000028d   Thumb Code     0  __scatter.o(!!!scatter)
    __scatterload_null                       0x0000029b   Thumb Code     0  __scatter.o(!!!scatter)
    __decompress                             0x000002c1   Thumb Code   100  __dclz77c.o(!!dclz77c)
    __decompress2                            0x000002c1   Thumb Code     0  __dclz77c.o(!!dclz77c)
    __scatterload_zeroinit                   0x00000325   Thumb Code    28  __scatter_zi.o(!!handler_zi)
    __rt_lib_init                            0x00000341   Thumb Code     0  libinit.o(.ARM.Collect$$libinit$$00000000)
    __rt_lib_init_alloca_1                   0x00000343   Thumb Code     0  libinit2.o(.ARM.Collect$$libinit$$0000002C)
    __rt_lib_init_argv_1                     0x00000343   Thumb Code     0  libinit2.o(.ARM.Collect$$libinit$$0000002A)
    __rt_lib_init_atexit_1                   0x00000343   Thumb Code     0  libinit2.o(.ARM.Collect$$libinit$$00000019)
    __rt_lib_init_clock_1                    0x00000343   Thumb Code     0  libinit2.o(.ARM.Collect$$libinit$$0000001F)
    __rt_lib_init_cpp_1                      0x00000343   Thumb Code     0  libinit2.o(.ARM.Collect$$libinit$$00000030)
    __rt_lib_init_exceptions_1               0x00000343   Thumb Code     0  libinit2.o(.ARM.Collect$$libinit$$0000002E)
    __rt_lib_init_fp_1                       0x00000343   Thumb Code     0  libinit2.o(.ARM.Collect$$libinit$$00000002)
    __rt_lib_init_fp_trap_1                  0x00000343   Thumb Code     0  libinit2.o(.ARM.Collect$$libinit$$0000001D)
    __rt_lib_init_getenv_1                   0x00000343   Thumb Code     0  libinit2.o(.ARM.Collect$$libinit$$00000021)
    __rt_lib_init_heap_1                     0x00000343   Thumb Code     0  libinit2.o(.ARM.Collect$$libinit$$00000008)
    __rt_lib_init_lc_collate_1               0x00000343   Thumb Code     0  libinit2.o(.ARM.Collect$$libinit$$0000000F)
    __rt_lib_init_lc_ctype_1                 0x00000343   Thumb Code     0  libinit2.o(.ARM.Collect$$libinit$$00000011)
    __rt_lib_init_lc_monetary_1              0x00000343   Thumb Code     0  libinit2.o(.ARM.Collect$$libinit$$00000013)
    __rt_lib_init_lc_numeric_1               0x00000343   Thumb Code     0  libinit2.o(.ARM.Collect$$libinit$$00000015)
    __rt_lib_init_lc_time_1                  0x00000343   Thumb Code     0  libinit2.o(.ARM.Collect$$libinit$$00000017)
    __rt_lib_init_rand_1                     0x00000343   Thumb Code     0  libinit2.o(.ARM.Collect$$libinit$$0000000C)
    __rt_lib_init_return                     0x00000343   Thumb Code     0  libinit2.o(.ARM.Collect$$libinit$$00000031)
    __rt_lib_init_signal_1                   0x00000343   Thumb Code     0  libinit2.o(.ARM.Collect$$libinit$$0000001B)
    __rt_lib_init_stdio_1                    0x00000343   Thumb Code     0  libinit2.o(.ARM.Collect$$libinit$$00000023)
    __rt_lib_init_user_alloc_1               0x00000343   Thumb Code     0  libinit2.o(.ARM.Collect$$libinit$$0000000A)
    __rt_lib_shutdown                        0x00000345   Thumb Code     0  libshutdown.o(.ARM.Collect$$libshutdown$$00000000)
    __rt_lib_shutdown_fp_trap_1              0x00000347   Thumb Code     0  libshutdown2.o(.ARM.Collect$$libshutdown$$00000006)
    __rt_lib_shutdown_heap_1                 0x00000347   Thumb Code     0  libshutdown2.o(.ARM.Collect$$libshutdown$$0000000E)
    __rt_lib_shutdown_return                 0x00000347   Thumb Code     0  libshutdown2.o(.ARM.Collect$$libshutdown$$0000000F)
    __rt_lib_shutdown_signal_1               0x00000347   Thumb Code     0  libshutdown2.o(.ARM.Collect$$libshutdown$$00000009)
    __rt_lib_shutdown_stdio_1                0x00000347   Thumb Code     0  libshutdown2.o(.ARM.Collect$$libshutdown$$00000003)
    __rt_lib_shutdown_user_alloc_1           0x00000347   Thumb Code     0  libshutdown2.o(.ARM.Collect$$libshutdown$$0000000B)
    __rt_entry                               0x00000349   Thumb Code     0  rtentry.o(.ARM.Collect$$rtentry$$00000000)
    __rt_entry_presh_1                       0x00000349   Thumb Code     0  rtentry2.o(.ARM.Collect$$rtentry$$00000002)
    __rt_entry_sh                            0x00000349   Thumb Code     0  rtentry4.o(.ARM.Collect$$rtentry$$00000004)
    __rt_entry_li                            0x0000034f   Thumb Code     0  rtentry2.o(.ARM.Collect$$rtentry$$0000000A)
    __rt_entry_postsh_1                      0x0000034f   Thumb Code     0  rtentry2.o(.ARM.Collect$$rtentry$$00000009)
    __rt_entry_main                          0x00000353   Thumb Code     0  rtentry2.o(.ARM.Collect$$rtentry$$0000000D)
    __rt_entry_postli_1                      0x00000353   Thumb Code     0  rtentry2.o(.ARM.Collect$$rtentry$$0000000C)
    __rt_exit                                0x0000035b   Thumb Code     0  rtexit.o(.ARM.Collect$$rtexit$$00000000)
    __rt_exit_ls                             0x0000035d   Thumb Code     0  rtexit2.o(.ARM.Collect$$rtexit$$00000003)
    __rt_exit_prels_1                        0x0000035d   Thumb Code     0  rtexit2.o(.ARM.Collect$$rtexit$$00000002)
    __rt_exit_exit                           0x00000361   Thumb Code     0  rtexit2.o(.ARM.Collect$$rtexit$$00000004)
    DisableInterrupts                        0x00000369   Thumb Code     0  startup.o(.text)
    EnableInterrupts                         0x0000036d   Thumb Code     0  startup.o(.text)
    StartCritical                            0x00000371   Thumb Code     0  startup.o(.text)
    EndCritical                              0x00000379   Thumb Code     0  startup.o(.text)
    WaitForInterrupt                         0x0000037f   Thumb Code     0  startup.o(.text)
    __user_initial_stackheap                 0x00000383   Thumb Code     0  startup.o(.text)
    Random_Init                              0x00000399   Thumb Code     0  random.o(.text)
    Random32                                 0x0000039f   Thumb Code     2  random.o(.text)
    Random                                   0x000003b1   Thumb Code     2  random.o(.text)
    writecommand                             0x000003d5   Thumb Code     0  lcd.o(.text)
    writedata                                0x00000401   Thumb Code     0  lcd.o(.text)
    ADC1_Init                                0x0000042d   Thumb Code   170  texas.o(.text)
    SetCode                                  0x000004d7   Thumb Code    20  texas.o(.text)
    UART0_Init                               0x000004eb   Thumb Code   162  texas.o(.text)
    SetCourse                                0x0000058d   Thumb Code    22  texas.o(.text)
    PLL_Init                                 0x000005a3   Thumb Code   118  texas.o(.text)
    TExaS_Init                               0x00000619   Thumb Code   282  texas.o(.text)
    StopTimer4                               0x00000733   Thumb Code    16  texas.o(.text)
    StartTimer4                              0x00000743   Thumb Code    24  texas.o(.text)
    Timer4A_Handler                          0x0000075b   Thumb Code    20  texas.o(.text)
    ADC1_In                                  0x0000076f   Thumb Code     6  texas.o(.text)
    Timer5A_Handler                          0x00000775   Thumb Code    34  texas.o(.text)
    TExaS_Stop                               0x00000797   Thumb Code    18  texas.o(.text)
    copy                                     0x000007a9   Thumb Code    16  texas.o(.text)
    SetMode                                  0x000007b9   Thumb Code    22  texas.o(.text)
    UART0_InChar                             0x000007cf   Thumb Code    20  texas.o(.text)
    UART0_InCharNonBlocking                  0x000007e3   Thumb Code    22  texas.o(.text)
    UART0_OutChar                            0x000007f9   Thumb Code   200  texas.o(.text)
    UART0_OutCharNonBlock                    0x000008c1   Thumb Code     6  texas.o(.text)
    __use_two_region_memory                  0x000008cd   Thumb Code     2  heapauxi.o(.text)
    __rt_heap_escrow$2region                 0x000008cf   Thumb Code     2  heapauxi.o(.text)
    __rt_heap_expand$2region                 0x000008d1   Thumb Code     2  heapauxi.o(.text)
    __user_setup_stackheap                   0x000008d3   Thumb Code    74  sys_stackheap_outer.o(.text)
    exit                                     0x0000091d   Thumb Code    12  exit.o(.text)
    __user_libspace                          0x00000929   Thumb Code     8  libspace.o(.text)
    __user_perproc_libspace                  0x00000929   Thumb Code     0  libspace.o(.text)
    __user_perthread_libspace                0x00000929   Thumb Code     0  libspace.o(.text)
    _sys_exit                                0x00000931   Thumb Code     8  sys_exit.o(.text)
    __I$use$semihosting                      0x0000093d   Thumb Code     0  use_no_semi.o(.text)
    __use_no_semihosting_swi                 0x0000093d   Thumb Code     2  use_no_semi.o(.text)
    __semihosting_library_function           0x0000093f   Thumb Code     0  indicate_semi.o(.text)
    ADC_Init                                 0x00000941   Thumb Code   202  adc.o(i.ADC_Init)
    Buttons_Init                             0x00000a25   Thumb Code   170  edgeinterrupt.o(i.Buttons_Init)
    DAC_Init                                 0x00000af1   Thumb Code    80  dac.o(i.DAC_Init)
    DAC_Out                                  0x00000b55   Thumb Code     6  dac.o(i.DAC_Out)
    Delay100ms                               0x00000b61   Thumb Code    30  minigolf.o(i.Delay100ms)
    Delay1ms                                 0x00000b85   Thumb Code    32  st7735.o(i.Delay1ms)
    GPIOPortD_Handler                        0x00000ba5   Thumb Code   134  edgeinterrupt.o(i.GPIOPortD_Handler)
    MoveBall                                 0x00000c45   Thumb Code   180  physics.o(i.MoveBall)
    Output_Init                              0x00000d05   Thumb Code    16  st7735.o(i.Output_Init)
    PortFInit                                0x00000d15   Thumb Code    82  minigolf.o(i.PortFInit)
    ST7735_DrawBitmap                        0x00000d75   Thumb Code   280  st7735.o(i.ST7735_DrawBitmap)
    ST7735_FillRect                          0x00000e95   Thumb Code   164  st7735.o(i.ST7735_FillRect)
    ST7735_FillScreen                        0x00000f41   Thumb Code    28  st7735.o(i.ST7735_FillScreen)
    ST7735_InitR                             0x00000f65   Thumb Code    90  st7735.o(i.ST7735_InitR)
    ST7735_SetCursor                         0x00000fe1   Thumb Code    22  st7735.o(i.ST7735_SetCursor)
    Sensor_Init                              0x00001001   Thumb Code    82  sensor.o(i.Sensor_Init)
    Sound_Init                               0x00001065   Thumb Code    58  sound.o(i.Sound_Init)
    SysTick_Handler                          0x000010a5   Thumb Code   200  sound.o(i.SysTick_Handler)
    Timer0A_Handler                          0x00001189   Thumb Code    16  timer0.o(i.Timer0A_Handler)
    Timer1A_Handler                          0x000011a1   Thumb Code     8  timer1.o(i.Timer1A_Handler)
    getBallHeight                            0x00001389   Thumb Code     6  minigolf.o(i.getBallHeight)
    getBallWidth                             0x00001395   Thumb Code     6  minigolf.o(i.getBallWidth)
    getBallX                                 0x000013a1   Thumb Code     6  minigolf.o(i.getBallX)
    getBallY                                 0x000013ad   Thumb Code     6  minigolf.o(i.getBallY)
    main                                     0x000013b9   Thumb Code    90  minigolf.o(i.main)
    setBall                                  0x00001491   Thumb Code    66  physics.o(i.setBall)
    setBallHeight                            0x000014d9   Thumb Code     6  minigolf.o(i.setBallHeight)
    setBallWidth                             0x000014e5   Thumb Code     6  minigolf.o(i.setBallWidth)
    setBallX                                 0x000014f1   Thumb Code     6  minigolf.o(i.setBallX)
    setBallY                                 0x000014fd   Thumb Code     6  minigolf.o(i.setBallY)
    showDir                                  0x00001509   Thumb Code   118  physics.o(i.showDir)
    dBfs                                     0x00001b6a   Data         512  st7735.o(.constdata)
    Hole                                     0x00001d6a   Data         196  physics.o(.constdata)
    tree                                     0x00001e2e   Data         288  physics.o(.constdata)
    ball                                     0x00001f4e   Data          98  physics.o(.constdata)
    lvl1                                     0x00001fb0   Data       29920  physics.o(.constdata)
    InputPortMsg                             0x00009490   Data          40  texas.o(.constdata)
    OutputPortMsg                            0x000094b8   Data          40  texas.o(.constdata)
    BlankMsg                                 0x000094e0   Data          40  texas.o(.constdata)
    InitializedMsg                           0x00009508   Data          40  texas.o(.constdata)
    IntroMsg                                 0x00009530   Data          40  texas.o(.constdata)
    DoneMsg                                  0x00009558   Data          40  texas.o(.constdata)
    Region$$Table$$Base                      0x00009580   Number         0  anon$$obj.o(Region$$Table)
    Region$$Table$$Limit                     0x000095a0   Number         0  anon$$obj.o(Region$$Table)
    PeriodicTask0                            0x20000000   Data           4  timer0.o(.data)
    Hit                                      0x20000004   Data        3322  sound.o(.data)
    HoleEnd                                  0x20000cfe   Data       42240  sound.o(.data)
    InHole                                   0x2000b1fe   Data       12063  sound.o(.data)
    WaterSplash                              0x2000e11d   Data       27424  sound.o(.data)
    Sand                                     0x20014c3d   Data       14976  sound.o(.data)
    sfx                                      0x200186c0   Data           4  sound.o(.data)
    soundSize                                0x200186c4   Data          20  sound.o(.data)
    dacVal                                   0x200186d8   Data           4  sound.o(.data)
    StX                                      0x200186dc   Data           4  st7735.o(.data)
    StY                                      0x200186e0   Data           4  st7735.o(.data)
    StTextColor                              0x200186e4   Data           2  st7735.o(.data)
    lastj                                    0x200186ec   Data           4  st7735.o(.data)
    Messageindex                             0x200186f4   Data           4  st7735.o(.data)
    Ymax                                     0x200186f8   Data           4  st7735.o(.data)
    Ymin                                     0x200186fc   Data           4  st7735.o(.data)
    X                                        0x20018700   Data           4  st7735.o(.data)
    Yrange                                   0x20018704   Data           4  st7735.o(.data)
    flag                                     0x20018708   Data           4  edgeinterrupt.o(.data)
    PD0                                      0x2001870c   Data           4  edgeinterrupt.o(.data)
    PD1                                      0x20018710   Data           4  edgeinterrupt.o(.data)
    PD2                                      0x20018714   Data           4  edgeinterrupt.o(.data)
    run                                      0x20018718   Data         720  physics.o(.data)
    rise                                     0x200189e8   Data         720  physics.o(.data)
    BoundX                                   0x20018cb8   Data           4  physics.o(.data)
    BoundY                                   0x20018cbc   Data           4  physics.o(.data)
    BoundWidth                               0x20018cc0   Data           4  physics.o(.data)
    BoundHeight                              0x20018cc4   Data           4  physics.o(.data)
    TExaS_Period                             0x20018cc8   Data           4  texas.o(.data)
    TExaS_Ports                              0x20018ccc   Data           8  texas.o(.data)
    TExaS_Meter                              0x20018cd4   Data           4  texas.o(.data)
    ADCnum                                   0x20018cd8   Data           4  texas.o(.data)
    LastMode                                 0x20018cdc   Data           4  texas.o(.data)
    bFlag                                    0x20018ce0   Data           4  texas.o(.data)
    Count                                    0x20018ce4   Data           4  texas.o(.data)
    DelayBetweenTests                        0x20018ce8   Data           4  texas.o(.data)
    TExaS_Test                               0x20018cec   Data           4  texas.o(.data)
    ScopeMode                                0x20018cf0   Data           4  texas.o(.data)
    ScopeCount                               0x20018cf4   Data           4  texas.o(.data)
    ball1                                    0x20018cfc   Data          12  minigolf.o(.bss)
    treeA                                    0x20018d08   Data          12  minigolf.o(.bss)
    treeB                                    0x20018d14   Data          12  minigolf.o(.bss)
    sand1                                    0x20018d20   Data          12  minigolf.o(.bss)
    water1                                   0x20018d2c   Data          12  minigolf.o(.bss)
    TExaS                                    0x20018d38   Data          56  texas.o(.bss)
    __libspace_start                         0x20018d70   Data          96  libspace.o(.bss)
    __temporary_stack_top$libspace           0x20018dd0   Data           0  libspace.o(.bss)



==============================================================================

Memory Map of the image

  Image Entry point : 0x0000026d

  Load Region LR_1 (Base: 0x00000000, Size: 0x0002229c, Max: 0xffffffff, ABSOLUTE, COMPRESSED[0x00016540])

    Execution Region ER_RO (Base: 0x00000000, Size: 0x000095a0, Max: 0xffffffff, ABSOLUTE)

    Base Addr    Size         Type   Attr      Idx    E Section Name        Object

    0x00000000   0x00000284   Code   RO            3  * RESET               startup.o
    0x00000284   0x00000008   Code   RO          713  * !!!main             c_w.l(__main.o)
    0x0000028c   0x00000034   Code   RO          890    !!!scatter          c_w.l(__scatter.o)
    0x000002c0   0x00000064   Code   RO          888    !!dclz77c           c_w.l(__dclz77c.o)
    0x00000324   0x0000001c   Code   RO          892    !!handler_zi        c_w.l(__scatter_zi.o)
    0x00000340   0x00000002   Code   RO          761    .ARM.Collect$$libinit$$00000000  c_w.l(libinit.o)
    0x00000342   0x00000000   Code   RO          768    .ARM.Collect$$libinit$$00000002  c_w.l(libinit2.o)
    0x00000342   0x00000000   Code   RO          771    .ARM.Collect$$libinit$$00000008  c_w.l(libinit2.o)
    0x00000342   0x00000000   Code   RO          773    .ARM.Collect$$libinit$$0000000A  c_w.l(libinit2.o)
    0x00000342   0x00000000   Code   RO          775    .ARM.Collect$$libinit$$0000000C  c_w.l(libinit2.o)
    0x00000342   0x00000000   Code   RO          778    .ARM.Collect$$libinit$$0000000F  c_w.l(libinit2.o)
    0x00000342   0x00000000   Code   RO          780    .ARM.Collect$$libinit$$00000011  c_w.l(libinit2.o)
    0x00000342   0x00000000   Code   RO          782    .ARM.Collect$$libinit$$00000013  c_w.l(libinit2.o)
    0x00000342   0x00000000   Code   RO          784    .ARM.Collect$$libinit$$00000015  c_w.l(libinit2.o)
    0x00000342   0x00000000   Code   RO          786    .ARM.Collect$$libinit$$00000017  c_w.l(libinit2.o)
    0x00000342   0x00000000   Code   RO          788    .ARM.Collect$$libinit$$00000019  c_w.l(libinit2.o)
    0x00000342   0x00000000   Code   RO          790    .ARM.Collect$$libinit$$0000001B  c_w.l(libinit2.o)
    0x00000342   0x00000000   Code   RO          792    .ARM.Collect$$libinit$$0000001D  c_w.l(libinit2.o)
    0x00000342   0x00000000   Code   RO          794    .ARM.Collect$$libinit$$0000001F  c_w.l(libinit2.o)
    0x00000342   0x00000000   Code   RO          796    .ARM.Collect$$libinit$$00000021  c_w.l(libinit2.o)
    0x00000342   0x00000000   Code   RO          798    .ARM.Collect$$libinit$$00000023  c_w.l(libinit2.o)
    0x00000342   0x00000000   Code   RO          802    .ARM.Collect$$libinit$$0000002A  c_w.l(libinit2.o)
    0x00000342   0x00000000   Code   RO          804    .ARM.Collect$$libinit$$0000002C  c_w.l(libinit2.o)
    0x00000342   0x00000000   Code   RO          806    .ARM.Collect$$libinit$$0000002E  c_w.l(libinit2.o)
    0x00000342   0x00000000   Code   RO          808    .ARM.Collect$$libinit$$00000030  c_w.l(libinit2.o)
    0x00000342   0x00000002   Code   RO          809    .ARM.Collect$$libinit$$00000031  c_w.l(libinit2.o)
    0x00000344   0x00000002   Code   RO          829    .ARM.Collect$$libshutdown$$00000000  c_w.l(libshutdown.o)
    0x00000346   0x00000000   Code   RO          843    .ARM.Collect$$libshutdown$$00000003  c_w.l(libshutdown2.o)
    0x00000346   0x00000000   Code   RO          846    .ARM.Collect$$libshutdown$$00000006  c_w.l(libshutdown2.o)
    0x00000346   0x00000000   Code   RO          849    .ARM.Collect$$libshutdown$$00000009  c_w.l(libshutdown2.o)
    0x00000346   0x00000000   Code   RO          851    .ARM.Collect$$libshutdown$$0000000B  c_w.l(libshutdown2.o)
    0x00000346   0x00000000   Code   RO          854    .ARM.Collect$$libshutdown$$0000000E  c_w.l(libshutdown2.o)
    0x00000346   0x00000002   Code   RO          855    .ARM.Collect$$libshutdown$$0000000F  c_w.l(libshutdown2.o)
    0x00000348   0x00000000   Code   RO          731    .ARM.Collect$$rtentry$$00000000  c_w.l(rtentry.o)
    0x00000348   0x00000000   Code   RO          738    .ARM.Collect$$rtentry$$00000002  c_w.l(rtentry2.o)
    0x00000348   0x00000006   Code   RO          750    .ARM.Collect$$rtentry$$00000004  c_w.l(rtentry4.o)
    0x0000034e   0x00000000   Code   RO          740    .ARM.Collect$$rtentry$$00000009  c_w.l(rtentry2.o)
    0x0000034e   0x00000004   Code   RO          741    .ARM.Collect$$rtentry$$0000000A  c_w.l(rtentry2.o)
    0x00000352   0x00000000   Code   RO          743    .ARM.Collect$$rtentry$$0000000C  c_w.l(rtentry2.o)
    0x00000352   0x00000008   Code   RO          744    .ARM.Collect$$rtentry$$0000000D  c_w.l(rtentry2.o)
    0x0000035a   0x00000002   Code   RO          765    .ARM.Collect$$rtexit$$00000000  c_w.l(rtexit.o)
    0x0000035c   0x00000000   Code   RO          811    .ARM.Collect$$rtexit$$00000002  c_w.l(rtexit2.o)
    0x0000035c   0x00000004   Code   RO          812    .ARM.Collect$$rtexit$$00000003  c_w.l(rtexit2.o)
    0x00000360   0x00000006   Code   RO          813    .ARM.Collect$$rtexit$$00000004  c_w.l(rtexit2.o)
    0x00000366   0x00000002   PAD
    0x00000368   0x00000030   Code   RO            4    .text               startup.o
    0x00000398   0x0000003c   Code   RO           13    .text               random.o
    0x000003d4   0x00000058   Code   RO          176    .text               lcd.o
    0x0000042c   0x000004a0   Code   RO          692    .text               texas.o
    0x000008cc   0x00000006   Code   RO          711    .text               c_w.l(heapauxi.o)
    0x000008d2   0x0000004a   Code   RO          752    .text               c_w.l(sys_stackheap_outer.o)
    0x0000091c   0x0000000c   Code   RO          754    .text               c_w.l(exit.o)
    0x00000928   0x00000008   Code   RO          762    .text               c_w.l(libspace.o)
    0x00000930   0x0000000c   Code   RO          821    .text               c_w.l(sys_exit.o)
    0x0000093c   0x00000002   Code   RO          832    .text               c_w.l(use_no_semi.o)
    0x0000093e   0x00000000   Code   RO          834    .text               c_w.l(indicate_semi.o)
    0x0000093e   0x00000002   PAD
    0x00000940   0x000000e4   Code   RO           42    i.ADC_Init          adc.o
    0x00000a24   0x000000cc   Code   RO          448    i.Buttons_Init      edgeinterrupt.o
    0x00000af0   0x00000064   Code   RO           16    i.DAC_Init          dac.o
    0x00000b54   0x0000000c   Code   RO           17    i.DAC_Out           dac.o
    0x00000b60   0x00000024   Code   RO          469    i.Delay100ms        minigolf.o
    0x00000b84   0x00000020   Code   RO          182    i.Delay1ms          st7735.o
    0x00000ba4   0x000000a0   Code   RO          449    i.GPIOPortD_Handler  edgeinterrupt.o
    0x00000c44   0x000000c0   Code   RO          597    i.MoveBall          physics.o
    0x00000d04   0x00000010   Code   RO          185    i.Output_Init       st7735.o
    0x00000d14   0x00000060   Code   RO          470    i.PortFInit         minigolf.o
    0x00000d74   0x00000120   Code   RO          189    i.ST7735_DrawBitmap  st7735.o
    0x00000e94   0x000000ac   Code   RO          196    i.ST7735_FillRect   st7735.o
    0x00000f40   0x00000024   Code   RO          197    i.ST7735_FillScreen  st7735.o
    0x00000f64   0x0000007c   Code   RO          199    i.ST7735_InitR      st7735.o
    0x00000fe0   0x00000020   Code   RO          212    i.ST7735_SetCursor  st7735.o
    0x00001000   0x00000064   Code   RO          668    i.Sensor_Init       sensor.o
    0x00001064   0x00000040   Code   RO          116    i.Sound_Init        sound.o
    0x000010a4   0x000000e4   Code   RO          120    i.SysTick_Handler   sound.o
    0x00001188   0x00000018   Code   RO           68    i.Timer0A_Handler   timer0.o
    0x000011a0   0x0000000c   Code   RO           89    i.Timer1A_Handler   timer1.o
    0x000011ac   0x00000056   Code   RO          216    i.commandList       st7735.o
    0x00001202   0x00000002   PAD
    0x00001204   0x00000184   Code   RO          217    i.commonInit        st7735.o
    0x00001388   0x0000000c   Code   RO          473    i.getBallHeight     minigolf.o
    0x00001394   0x0000000c   Code   RO          474    i.getBallWidth      minigolf.o
    0x000013a0   0x0000000c   Code   RO          475    i.getBallX          minigolf.o
    0x000013ac   0x0000000c   Code   RO          476    i.getBallY          minigolf.o
    0x000013b8   0x00000064   Code   RO          480    i.main              minigolf.o
    0x0000141c   0x00000074   Code   RO          223    i.setAddrWindow     st7735.o
    0x00001490   0x00000048   Code   RO          601    i.setBall           physics.o
    0x000014d8   0x0000000c   Code   RO          481    i.setBallHeight     minigolf.o
    0x000014e4   0x0000000c   Code   RO          482    i.setBallWidth      minigolf.o
    0x000014f0   0x0000000c   Code   RO          483    i.setBallX          minigolf.o
    0x000014fc   0x0000000c   Code   RO          484    i.setBallY          minigolf.o
    0x00001508   0x00000080   Code   RO          603    i.showDir           physics.o
    0x00001588   0x000007e2   Data   RO          225    .constdata          st7735.o
    0x00001d6a   0x00007726   Data   RO          605    .constdata          physics.o
    0x00009490   0x000000f0   Data   RO          694    .constdata          texas.o
    0x00009580   0x00000020   Data   RO          886    Region$$Table       anon$$obj.o


    Execution Region ER_RW (Base: 0x20000000, Size: 0x00018cfc, Max: 0xffffffff, ABSOLUTE, COMPRESSED[0x0000cfa0])

    Base Addr    Size         Type   Attr      Idx    E Section Name        Object

    0x20000000   0x00000004   Data   RW           70    .data               timer0.o
    0x20000004   0x000186d8   Data   RW          121    .data               sound.o
    0x200186dc   0x0000002c   Data   RW          226    .data               st7735.o
    0x20018708   0x00000010   Data   RW          450    .data               edgeinterrupt.o
    0x20018718   0x000005b0   Data   RW          606    .data               physics.o
    0x20018cc8   0x00000030   Data   RW          695    .data               texas.o
    0x20018cf8   0x00000004   Data   RW           12    DATA                random.o


    Execution Region ER_ZI (Base: 0x20018cfc, Size: 0x000004d4, Max: 0xffffffff, ABSOLUTE)

    Base Addr    Size         Type   Attr      Idx    E Section Name        Object

    0x20018cfc   0x0000003c   Zero   RW          488    .bss                minigolf.o
    0x20018d38   0x00000038   Zero   RW          693    .bss                texas.o
    0x20018d70   0x00000060   Zero   RW          763    .bss                c_w.l(libspace.o)
    0x20018dd0   0x00000000   Zero   RW            2    HEAP                startup.o
    0x20018dd0   0x00000400   Zero   RW            1    STACK               startup.o


==============================================================================

Image component sizes


      Code (inc. data)   RO Data    RW Data    ZI Data      Debug   Object Name

       228         26          0          0          0        491   adc.o
       112         26          0          0          0       5061   dac.o
       364         68          0         16          0       1294   edgeinterrupt.o
        88         12          0          0          0        228   lcd.o
       328         78          0          0         60       5724   minigolf.o
       392         28      30502       1456          0       2935   physics.o
        60         14          0          4          0        224   random.o
       100         18          0          0          0        398   sensor.o
       292         40          0     100056          0       1782   sound.o
      1290        126       2018         44          0       9650   st7735.o
       692        632          0          0       1024        948   startup.o
      1184        188        240         48         56      14668   texas.o
        24          8          0          4          0        890   timer0.o
        12          4          0          0          0        382   timer1.o

    ----------------------------------------------------------------------
      5168       1268      32792     101628       1140      44675   Object Totals
         0          0         32          0          0          0   (incl. Generated)
         2          0          0          0          0          0   (incl. Padding)

    ----------------------------------------------------------------------

      Code (inc. data)   RO Data    RW Data    ZI Data      Debug   Library Member Name

       100          0          0          0          0          0   __dclz77c.o
         8          0          0          0          0         68   __main.o
        52          8          0          0          0          0   __scatter.o
        28          0          0          0          0          0   __scatter_zi.o
        12          0          0          0          0         72   exit.o
         6          0          0          0          0        152   heapauxi.o
         0          0          0          0          0          0   indicate_semi.o
         2          0          0          0          0          0   libinit.o
         2          0          0          0          0          0   libinit2.o
         2          0          0          0          0          0   libshutdown.o
         2          0          0          0          0          0   libshutdown2.o
         8          4          0          0         96         68   libspace.o
         0          0          0          0          0          0   rtentry.o
        12          0          0          0          0          0   rtentry2.o
         6          0          0          0          0          0   rtentry4.o
         2          0          0          0          0          0   rtexit.o
        10          0          0          0          0          0   rtexit2.o
        12          4          0          0          0         68   sys_exit.o
        74          0          0          0          0         80   sys_stackheap_outer.o
         2          0          0          0          0         68   use_no_semi.o

    ----------------------------------------------------------------------
       344         16          0          0         96        576   Library Totals
         4          0          0          0          0          0   (incl. Padding)

    ----------------------------------------------------------------------

      Code (inc. data)   RO Data    RW Data    ZI Data      Debug   Library Name

       340         16          0          0         96        576   c_w.l

    ----------------------------------------------------------------------
       344         16          0          0         96        576   Library Totals

    ----------------------------------------------------------------------

==============================================================================


      Code (inc. data)   RO Data    RW Data    ZI Data      Debug   

      5512       1284      32792     101628       1236      43171   Grand Totals
      5512       1284      32792      53152       1236      43171   ELF Image Totals (compressed)
      5512       1284      32792      53152          0          0   ROM Totals

==============================================================================

    Total RO  Size (Code + RO Data)                38304 (  37.41kB)
    Total RW  Size (RW Data + ZI Data)            102864 ( 100.45kB)
    Total ROM Size (Code + RO Data + RW Data)      91456 (  89.31kB)

==============================================================================

