<html>
<body>
<pre>
<h1>µVision Build Log</h1>
<h2>Project:</h2>
C:\Users\Jerry Yang\OneDrive\College\Spring 2017\EE 319K\EE319Kware\MiniGolf\MiniGolf.uvproj
Project File Date:  04/29/2017

<h2>Output:</h2>
Rebuild target 'MiniGolf'
assembling startup.s...
assembling random.s...
compiling DAC.c...
compiling ADC.c...
compiling Timer0.c...
compiling Timer1.c...
compiling Sound.c...
assembling LCD.s...
assembling Print.s...
compiling ST7735.c...
compiling EdgeInterrupt.c...
compiling MiniGolf.c...
Physics.h(3): warning:  #1295-D: Deprecated declaration MoveBall - give arg types
   void MoveBall();
Physics.h(4): warning:  #1-D: last line of file ends without a newline
   
MiniGolf.c(69): warning:  #111-D: statement is unreachable
        GPIO_PORTF_DATA_R ^=0x02; // toggle heartbeat
MiniGolf.c(136): warning:  #1-D: last line of file ends without a newline
  }
MiniGolf.c: 4 warnings, 0 errors
compiling Physics.c...
Physics.c(108): warning:  #1-D: last line of file ends without a newline
  }
Physics.c: 1 warning, 0 errors
compiling Sensor.c...
Sensor.c(19): warning:  #177-D: variable "distance" was declared but never referenced
        int distance = 0;
Sensor.c: 1 warning, 0 errors
linking...
Program Size: Code=5056 RO-data=4568 RW-data=116 ZI-data=1188  
".\MiniGolf.axf" - 0 Error(s), 6 Warning(s).
Load "C:\\Users\\Jerry Yang\\OneDrive\\College\\Spring 2017\\EE 319K\\EE319Kware\\MiniGolf\\MiniGolf.axf" 
Connecting: Mode=JTAG, Speed=1000000Hz
Erase Done.
Programming Done.
Verify OK.
</pre>
</body>
</html>
.axf" - 2 Error(s), 6 Warning(s).
Target not created
Load "C:\\Users\\Jerry Yang\\OneDrive\\College\\Spring 2017\\EE 319K\\EE319Kware\\MiniGolf\\MiniGolf.axf" 
_____^
*** error 56: cannot open file
Error: Flash Download failed  -  Could not load file 'C:\Users\Jerry Yang\OneDrive\College\Spring 2017\EE 319K\EE319Kware\MiniGolf\MiniGolf.axf'
